
===========================================================
[00:00] FAZ 0/5 -- ON KONTROL
===========================================================
[00:00] python: $VENV_ROOT/bin/python
[00:00]   [OK]   PX4 SITL binary  -- $REPO_ROOT/build/px4_sitl_default/bin/px4
[00:00]   [OK]   gz (Gazebo)  -- /opt/homebrew/bin/gz 8.15.0
[00:01]   [OK]   python: mavsdk
[00:01]   [OK]   python: cv2/zmq/numpy (dashboard)
[00:01]   [OK]   safe_sitl_launcher.sh
[00:01]   [OK]   QGC missions dizini  -- $MISSIONS_DIR
[00:01]   [OK]   plan: competition_1way.plan  -- 3 waypoint
[00:01] on kontrol temiz: 1 plan sirayla kosulacak

===========================================================
[00:01] FAZ 1/5 -- PX4 SITL + GAZEBO
===========================================================
[00:01] safe_sitl_launcher.sh baslatiliyor (log: $REPO_ROOT/.scripts/olds/v34/demo/runs/20260901T111008/sitl.log)
[00:01]   pid=45231

===========================================================
[00:01] FAZ 2/5 -- ARAC HAZIR MI
===========================================================
Connection using udp:// is deprecated, please use udpin:// or udpout:// (cli_arg.cpp:28)
[WAIT] bekleniyor: 1/3 MAVLink heartbeat (kalan 224s)
[WAIT]   -> OK (16.0s)
[WAIT] bekleniyor: 2/3 global+home pozisyon (EKF) (kalan 224s)
[WAIT]   -> OK (18.6s)
[WAIT] bekleniyor: 3/3 is_armable (kalan 221s)
[WAIT]   -> OK (19.6s)
[WAIT] arac ucusa hazir (19.6s)

===========================================================
[00:21] FAZ 3/5 -- MISSION DASHBOARD
===========================================================
[00:21] dashboard KAPALI (--no-dashboard)

===========================================================
[00:21] FAZ 4/5 -- PLANLAR (SIRAYLA)
===========================================================

===========================================================
[00:21] PLAN 1/1 -- competition_1way
===========================================================
[00:21] rota yukleniyor ve dogrulaniyor
[UPLOAD] plan: competition_1way.plan  (3 item, dosyadan okundu)
Connection using udp:// is deprecated, please use udpin:// or udpout:// (cli_arg.cpp:28)
[UPLOAD] baglaniliyor: udp://:14540 (timeout 30s)
[UPLOAD] arac bagli
[UPLOAD] ayristirildi: 3 raw MAVLink item
[UPLOAD] aractaki eski rota silindi
[UPLOAD] yukleme ack alindi
[UPLOAD] geri okundu: 3 item, 0 uyusmazlik
[UPLOAD]   seq=0   cmd=22   lat=47.3977465 lon=8.5461637 alt=15.0
[UPLOAD]   seq=1   cmd=16   lat=47.3977914 lon=8.5461637 alt=15.0
[UPLOAD]   seq=2   cmd=16   lat=47.3990490 lon=8.5461637 alt=15.0
[UPLOAD] DOGRULANDI: aractaki rota .plan ile birebir ayni
[00:22] LAND modu temizligi
Connection using udp:// is deprecated, please use udpin:// or udpout:// (cli_arg.cpp:28)
[LAND-RESET] armable=True mode=HOLD armed=False on_ground=True
[00:26] gorev basliyor (main_gz.py, duvar limiti 900s)
[00:26]   canli log: tail -f $REPO_ROOT/.scripts/olds/v34/demo/runs/20260901T111008/01_competition_1way/mission.log
[08:13] gorev sureci 0 ile bitti
[08:13] olay akisi ozeti (e0d833a5ebc8)
  mission_id : e0d833a5ebc8
  sure       : 465.5s  (7425 olay)
  kaynak     : $REPO_ROOT/.scripts/olds/v34/demo/runs/20260901T111008/01_competition_1way/mission_e0d833a5ebc8.jsonl

  FAZLAR (35)
    t+    1.0s  CONNECTING
    t+    2.8s  ARMING
    t+    2.8s  TAKEOFF
    t+    2.8s  CLIMB_TO_ALTITUDE
    t+   19.3s  CHECKPOINT_SAVE
    t+   19.3s  MISSION_ROUTE_CONFIRM
    t+   19.4s  MISSION_START
    t+   24.0s  SEARCHING
    t+   35.7s  TARGET_TRACKING
    t+   35.7s  SWITCH_TO_OFFBOARD
    t+   38.7s  SEARCHING
    t+   40.1s  TARGET_TRACKING
    t+   40.1s  SWITCH_TO_OFFBOARD
    t+   42.9s  GOTO_TARGET_CENTERING
    t+   73.2s  HOVER_CONFIRM
    t+   75.3s  GPS_SAVE
    t+   75.3s  SEARCHING
    t+   87.2s  TARGET_TRACKING
    t+   87.2s  SWITCH_TO_OFFBOARD
    t+   90.2s  SEARCHING
    t+   91.4s  TARGET_TRACKING
    t+   91.4s  SWITCH_TO_OFFBOARD
    t+   94.0s  GOTO_TARGET_CENTERING
    t+  134.2s  HOVER_CONFIRM
    t+  136.3s  GPS_SAVE
    t+  180.8s  SEARCH_COMPLETE
    t+  278.7s  GOREV2_COMPLETE
    t+  278.7s  GOREV3_START
    t+  278.7s  GOREV3_RUNNING
    t+  406.7s  GOREV3_RUNNING
    t+  411.9s  GOREV3_RUNNING
    t+  448.2s  RETURN_TO_CHECKPOINT
    t+  460.1s  RETURN_TO_CHECKPOINT
    t+  465.5s  LANDING
    t+  465.5s  MISSION_COMPLETE

  KILOMETRE TASLARI (34)
    t+    1.0s  MISSION_STARTED  -- mission_id=e0d833a5ebc8
    t+    1.0s  MISSION_STARTED  -- Gorev 2 starting
    t+    1.9s  CONNECTED  -- connected to udp://:14540
    t+    2.8s  ARMED  -- vehicle armed
    t+   19.3s  CHECKPOINT_SAVED
    t+   19.4s  MISSION_ROUTE_CONFIRMED  -- 3 items already on vehicle (from QGroundControl)
    t+   22.9s  MISSION_CURRENT_ITEM_SET  -- start index 1
    t+   23.0s  MISSION_STARTED_ONBOARD
    t+   39.0s  MISSION_CURRENT_ITEM_SET  -- start index 2
    t+   39.0s  MISSION_STARTED_ONBOARD
    t+   70.1s  CENTERING_CONVERGED  -- KIRMIZI_UCGEN
    t+   80.3s  MISSION_CURRENT_ITEM_SET  -- start index 2
    t+   80.3s  MISSION_STARTED_ONBOARD
    t+   90.3s  MISSION_CURRENT_ITEM_SET  -- start index 2
    t+   90.3s  MISSION_STARTED_ONBOARD
    t+  131.1s  CENTERING_CONVERGED  -- MAVI_ALTIGEN
    t+  143.1s  CENTERING_CONVERGED  -- MAVI_ALTIGEN
    t+  158.8s  CENTERING_CONVERGED  -- MAVI_ALTIGEN
    t+  169.1s  PAYLOAD_RELEASE_CONFIRMED  -- MAVI_ALTIGEN
    t+  169.1s  PAYLOAD_RELEASED  -- PAYLOAD 1 RELEASED @0.50m
    t+  180.8s  SEARCH_COMPLETE
    t+  187.0s  CENTERING_CONVERGED  -- MAVI_ALTIGEN
    t+  199.6s  CENTERING_CONVERGED  -- MAVI_ALTIGEN
    t+  210.1s  PAYLOAD_RELEASE_CONFIRMED  -- MAVI_ALTIGEN
    t+  210.1s  PAYLOAD_RELEASED  -- PAYLOAD 2 RELEASED @0.48m
    t+  244.4s  CENTERING_CONVERGED  -- KIRMIZI_UCGEN
    t+  258.5s  CENTERING_CONVERGED  -- KIRMIZI_UCGEN
    t+  271.2s  CENTERING_CONVERGED  -- KIRMIZI_UCGEN
    t+  274.4s  PAYLOAD_RELEASE_CONFIRMED  -- KIRMIZI_UCGEN
    t+  274.4s  PAYLOAD_RELEASED  -- PAYLOAD 3 RELEASED @0.45m
    t+  278.7s  GOREV2_COMPLETE
    t+  300.1s  CENTERING_CONVERGED  -- KIRMIZI_DIKDORTGEN
    t+  460.1s  GOREV3_COMPLETE
    t+  465.5s  MISSION_COMPLETE

  SORUNLAR (2 WARNING+)
    t+   38.7s  [CRITICAL] OFFBOARD_SWITCH_FAILED: PX4 did not report OFFBOARD before timeout
    t+   90.2s  [CRITICAL] OFFBOARD_SWITCH_FAILED: PX4 did not report OFFBOARD before timeout

  SONUC: MISSION_COMPLETE

===========================================================
[08:18] FAZ 5/5 -- OZET
===========================================================
KURSAD40 V34 -- demo 20260901T111008
plan sirasi: competition_1way
gorev duvar limiti: 900s   dry-run: 0

#    PLAN             YUKLEME    GOREV        SONUC
-------------------------------------------------------------------------
1    competition_1way OK         rc=0         MISSION_COMPLETE
[08:18] 
[08:18] her plan icin: $REPO_ROOT/.scripts/olds/v34/demo/runs/20260901T111008/<NN>_<plan>/{upload.log,mission.log,summary.txt,mission_*.jsonl}

===========================================================
[08:18] TEARDOWN
===========================================================
[08:18] SITL kapatiliyor
[08:18] artefaktlar: $REPO_ROOT/.scripts/olds/v34/demo/runs/20260901T111008
