
===========================================================
[00:00] FAZ 0/5 -- ON KONTROL
===========================================================
[00:00] python: $VENV_ROOT/bin/python
[00:00]   [OK]   PX4 SITL binary  -- $REPO_ROOT/build/px4_sitl_default/bin/px4
[00:00]   [OK]   gz (Gazebo)  -- /opt/homebrew/bin/gz 8.15.0
[00:00]   [OK]   python: mavsdk
[00:01]   [OK]   python: cv2/zmq/numpy (dashboard)
[00:01]   [OK]   safe_sitl_launcher.sh
[00:01]   [OK]   QGC missions dizini  -- $MISSIONS_DIR
[00:01]   [OK]   plan: competition_1way.plan  -- 3 waypoint
[00:01] on kontrol temiz: 1 plan sirayla kosulacak

===========================================================
[00:01] FAZ 1/5 -- PX4 SITL + GAZEBO
===========================================================
[00:01] safe_sitl_launcher.sh baslatiliyor (log: $REPO_ROOT/.scripts/olds/v34/demo/runs/20260901T093203/sitl.log)
[00:01]   pid=32824

===========================================================
[00:01] FAZ 2/5 -- ARAC HAZIR MI
===========================================================
Connection using udp:// is deprecated, please use udpin:// or udpout:// (cli_arg.cpp:28)
[WAIT] bekleniyor: 1/3 MAVLink heartbeat (kalan 224s)
[WAIT]   -> OK (15.6s)
[WAIT] bekleniyor: 2/3 global+home pozisyon (EKF) (kalan 224s)
[WAIT]   -> OK (18.6s)
[WAIT] bekleniyor: 3/3 is_armable (kalan 221s)
[WAIT]   -> OK (19.6s)
[WAIT] arac ucusa hazir (19.6s)

===========================================================
[00:21] FAZ 3/5 -- MISSION DASHBOARD
===========================================================
[00:21] dashboard KAPALI (--no-dashboard)

===========================================================
[00:21] FAZ 4/5 -- PLANLAR (SIRAYLA)
===========================================================

===========================================================
[00:21] PLAN 1/1 -- competition_1way
===========================================================
[00:21] rota yukleniyor ve dogrulaniyor
[UPLOAD] plan: competition_1way.plan  (3 item, dosyadan okundu)
Connection using udp:// is deprecated, please use udpin:// or udpout:// (cli_arg.cpp:28)
[UPLOAD] baglaniliyor: udp://:14540 (timeout 30s)
[UPLOAD] arac bagli
[UPLOAD] ayristirildi: 3 raw MAVLink item
[UPLOAD] aractaki eski rota silindi
[UPLOAD] yukleme ack alindi
[UPLOAD] geri okundu: 3 item, 0 uyusmazlik
[UPLOAD]   seq=0   cmd=22   lat=47.3977465 lon=8.5461637 alt=15.0
[UPLOAD]   seq=1   cmd=16   lat=47.3977914 lon=8.5461637 alt=15.0
[UPLOAD]   seq=2   cmd=16   lat=47.3990490 lon=8.5461637 alt=15.0
[UPLOAD] DOGRULANDI: aractaki rota .plan ile birebir ayni
[00:22] LAND modu temizligi
Connection using udp:// is deprecated, please use udpin:// or udpout:// (cli_arg.cpp:28)
[LAND-RESET] armable=True mode=HOLD armed=False on_ground=True
[00:25] gorev basliyor (main_gz.py, duvar limiti 900s)
[00:25]   canli log: tail -f $REPO_ROOT/.scripts/olds/v34/demo/runs/20260901T093203/01_competition_1way/mission.log
[07:12] gorev sureci 0 ile bitti
[07:12] olay akisi ozeti (440968433093)
  mission_id : 440968433093
  sure       : 404.7s  (6624 olay)
  kaynak     : $REPO_ROOT/.scripts/olds/v34/demo/runs/20260901T093203/01_competition_1way/mission_440968433093.jsonl

  FAZLAR (27)
    t+    1.0s  CONNECTING
    t+    2.7s  ARMING
    t+    2.7s  TAKEOFF
    t+    2.7s  CLIMB_TO_ALTITUDE
    t+   19.3s  CHECKPOINT_SAVE
    t+   19.3s  MISSION_ROUTE_CONFIRM
    t+   19.3s  MISSION_START
    t+   23.8s  SEARCHING
    t+   40.8s  TARGET_TRACKING
    t+   40.8s  SWITCH_TO_OFFBOARD
    t+   41.8s  GOTO_TARGET_CENTERING
    t+   62.6s  HOVER_CONFIRM
    t+   64.7s  GPS_SAVE
    t+   64.7s  SEARCHING
    t+   75.8s  TARGET_TRACKING
    t+   75.8s  SWITCH_TO_OFFBOARD
    t+   76.8s  GOTO_TARGET_CENTERING
    t+  110.8s  HOVER_CONFIRM
    t+  112.8s  GPS_SAVE
    t+  160.3s  SEARCH_COMPLETE
    t+  262.1s  GOREV2_COMPLETE
    t+  262.1s  GOREV3_START
    t+  262.1s  GOREV3_RUNNING
    t+  390.2s  MISSION_FAILED
    t+  390.2s  RETURN_TO_CHECKPOINT
    t+  404.6s  LANDING
    t+  404.7s  MISSION_FAILED

  KILOMETRE TASLARI (28)
    t+    1.0s  MISSION_STARTED  -- mission_id=440968433093
    t+    1.0s  MISSION_STARTED  -- Gorev 2 starting
    t+    1.9s  CONNECTED  -- connected to udp://:14540
    t+    2.7s  ARMED  -- vehicle armed
    t+   19.3s  CHECKPOINT_SAVED
    t+   19.3s  MISSION_ROUTE_CONFIRMED  -- 3 items already on vehicle (from QGroundControl)
    t+   22.8s  MISSION_CURRENT_ITEM_SET  -- start index 1
    t+   22.8s  MISSION_STARTED_ONBOARD
    t+   59.5s  CENTERING_CONVERGED  -- KIRMIZI_UCGEN
    t+   70.1s  MISSION_CURRENT_ITEM_SET  -- start index 2
    t+   70.1s  MISSION_STARTED_ONBOARD
    t+  107.7s  CENTERING_CONVERGED  -- MAVI_ALTIGEN
    t+  119.1s  CENTERING_CONVERGED  -- MAVI_ALTIGEN
    t+  138.3s  CENTERING_CONVERGED  -- MAVI_ALTIGEN
    t+  148.6s  PAYLOAD_RELEASE_CONFIRMED  -- MAVI_ALTIGEN
    t+  148.6s  PAYLOAD_RELEASED  -- PAYLOAD 1 RELEASED @0.48m
    t+  160.3s  SEARCH_COMPLETE
    t+  166.4s  CENTERING_CONVERGED  -- MAVI_ALTIGEN
    t+  185.4s  CENTERING_CONVERGED  -- MAVI_ALTIGEN
    t+  195.8s  PAYLOAD_RELEASE_CONFIRMED  -- MAVI_ALTIGEN
    t+  195.8s  PAYLOAD_RELEASED  -- PAYLOAD 2 RELEASED @0.49m
    t+  228.6s  CENTERING_CONVERGED  -- KIRMIZI_UCGEN
    t+  241.2s  CENTERING_CONVERGED  -- KIRMIZI_UCGEN
    t+  255.2s  CENTERING_CONVERGED  -- KIRMIZI_UCGEN
    t+  257.9s  PAYLOAD_RELEASE_CONFIRMED  -- KIRMIZI_UCGEN
    t+  257.9s  PAYLOAD_RELEASED  -- PAYLOAD 3 RELEASED @0.44m
    t+  262.1s  GOREV2_COMPLETE
    t+  282.0s  CENTERING_CONVERGED  -- KIRMIZI_DIKDORTGEN

  SORUNLAR (3 WARNING+)
    t+  390.2s  [CRITICAL] MISSION_PHASE_CHANGED: GOREV3_RUNNING -> MISSION_FAILED (gorev3_pickup_failed)
    t+  390.2s  [CRITICAL] GOREV3_PHASE_FAILED: pickup
    t+  404.7s  [CRITICAL] MISSION_PHASE_CHANGED: LANDING -> MISSION_FAILED (landed_after_prior_failure)

  SONUC: MISSION_FAILED

===========================================================
[07:18] FAZ 5/5 -- OZET
===========================================================
KURSAD40 V34 -- demo 20260901T093203
plan sirasi: competition_1way
gorev duvar limiti: 900s   dry-run: 0

#    PLAN             YUKLEME    GOREV        SONUC
-------------------------------------------------------------------------
1    competition_1way OK         rc=0         MISSION_FAILED
[07:18] 
[07:18] her plan icin: $REPO_ROOT/.scripts/olds/v34/demo/runs/20260901T093203/<NN>_<plan>/{upload.log,mission.log,summary.txt,mission_*.jsonl}

===========================================================
[07:18] TEARDOWN
===========================================================
[07:18] SITL kapatiliyor
[07:18] artefaktlar: $REPO_ROOT/.scripts/olds/v34/demo/runs/20260901T093203
