
===========================================================
[00:00] FAZ 0/5 -- ON KONTROL
===========================================================
[00:00] python: $VENV_ROOT/bin/python
[00:00]   [OK]   PX4 SITL binary  -- $REPO_ROOT/build/px4_sitl_default/bin/px4
[00:01]   [OK]   gz (Gazebo)  -- /opt/homebrew/bin/gz 8.15.0
[00:01]   [OK]   python: mavsdk
[00:01]   [OK]   python: cv2/zmq/numpy (dashboard)
[00:01]   [OK]   safe_sitl_launcher.sh
[00:01]   [OK]   QGC missions dizini  -- $MISSIONS_DIR
[00:01]   [OK]   plan: competition_1way.plan  -- 3 waypoint
[00:01] on kontrol temiz: 1 plan sirayla kosulacak

===========================================================
[00:01] FAZ 1/5 -- PX4 SITL + GAZEBO
===========================================================
[00:01] safe_sitl_launcher.sh baslatiliyor (log: $REPO_ROOT/.scripts/olds/v34/demo/runs/20260901T154033/sitl.log)
[00:01]   pid=76186

===========================================================
[00:01] FAZ 2/5 -- ARAC HAZIR MI
===========================================================
Connection using udp:// is deprecated, please use udpin:// or udpout:// (cli_arg.cpp:28)
[WAIT] bekleniyor: 1/3 MAVLink heartbeat (kalan 215s)
[WAIT]   -> OK (25.1s)
[WAIT] bekleniyor: 2/3 global+home pozisyon (EKF) (kalan 215s)
[WAIT]   -> OK (25.7s)
[WAIT] bekleniyor: 3/3 is_armable (kalan 214s)
[WAIT]   -> OK (26.7s)
[WAIT] arac ucusa hazir (26.7s)

===========================================================
[00:30] FAZ 3/5 -- MISSION DASHBOARD
===========================================================
[00:30] dashboard KAPALI (--no-dashboard)

===========================================================
[00:30] FAZ 4/5 -- PLANLAR (SIRAYLA)
===========================================================

===========================================================
[00:30] PLAN 1/1 -- competition_1way
===========================================================
[00:30] rota yukleniyor ve dogrulaniyor
[UPLOAD] plan: competition_1way.plan  (3 item, dosyadan okundu)
Connection using udp:// is deprecated, please use udpin:// or udpout:// (cli_arg.cpp:28)
[UPLOAD] baglaniliyor: udp://:14540 (timeout 30s)
[UPLOAD] arac bagli
[UPLOAD] ayristirildi: 3 raw MAVLink item
[UPLOAD] aractaki eski rota silindi
[UPLOAD] yukleme ack alindi
[UPLOAD] geri okundu: 3 item, 0 uyusmazlik
[UPLOAD]   seq=0   cmd=22   lat=47.3977465 lon=8.5461637 alt=15.0
[UPLOAD]   seq=1   cmd=16   lat=47.3977914 lon=8.5461637 alt=15.0
[UPLOAD]   seq=2   cmd=16   lat=47.3990490 lon=8.5461637 alt=15.0
[UPLOAD] DOGRULANDI: aractaki rota .plan ile birebir ayni
[00:31] LAND modu temizligi
Connection using udp:// is deprecated, please use udpin:// or udpout:// (cli_arg.cpp:28)
[LAND-RESET] armable=True mode=HOLD armed=False on_ground=True
[00:34] gorev basliyor (main_gz.py, duvar limiti 900s)
[00:34]   canli log: tail -f $REPO_ROOT/.scripts/olds/v34/demo/runs/20260901T154033/01_competition_1way/mission.log
[06:14] gorev sureci 0 ile bitti
[06:14] olay akisi ozeti (2b5772d8d5ec)
  mission_id : 2b5772d8d5ec
  sure       : 338.6s  (5066 olay)
  kaynak     : $REPO_ROOT/.scripts/olds/v34/demo/runs/20260901T154033/01_competition_1way/mission_2b5772d8d5ec.jsonl

  FAZLAR (30)
    t+    1.0s  CONNECTING
    t+    2.7s  ARMING
    t+    2.7s  TAKEOFF
    t+    2.7s  CLIMB_TO_ALTITUDE
    t+   19.3s  CHECKPOINT_SAVE
    t+   19.3s  MISSION_ROUTE_CONFIRM
    t+   19.3s  MISSION_START
    t+   23.9s  SEARCHING
    t+   37.2s  TARGET_TRACKING
    t+   37.2s  SWITCH_TO_OFFBOARD
    t+   38.1s  GOTO_TARGET_CENTERING
    t+   72.4s  HOVER_CONFIRM
    t+   74.5s  GPS_SAVE
    t+  118.3s  SEARCHING
    t+  130.5s  TARGET_TRACKING
    t+  130.5s  SWITCH_TO_OFFBOARD
    t+  133.6s  SEARCHING
    t+  134.7s  TARGET_TRACKING
    t+  134.7s  SWITCH_TO_OFFBOARD
    t+  137.2s  GOTO_TARGET_CENTERING
    t+  163.0s  HOVER_CONFIRM
    t+  165.1s  GPS_SAVE
    t+  202.5s  SEARCH_COMPLETE
    t+  202.6s  GOREV2_COMPLETE
    t+  202.6s  GOREV3_START
    t+  202.6s  GOREV3_RUNNING
    t+  328.0s  MISSION_FAILED
    t+  328.0s  RETURN_TO_CHECKPOINT
    t+  338.5s  LANDING
    t+  338.6s  MISSION_FAILED

  KILOMETRE TASLARI (25)
    t+    1.0s  MISSION_STARTED  -- mission_id=2b5772d8d5ec
    t+    1.0s  MISSION_STARTED  -- Gorev 2 starting
    t+    2.0s  CONNECTED  -- connected to udp://:14540
    t+    2.7s  ARMED  -- vehicle armed
    t+   19.3s  CHECKPOINT_SAVED
    t+   19.3s  MISSION_ROUTE_CONFIRMED  -- 3 items already on vehicle (from QGroundControl)
    t+   22.9s  MISSION_CURRENT_ITEM_SET  -- start index 1
    t+   22.9s  MISSION_STARTED_ONBOARD
    t+   69.4s  CENTERING_CONVERGED  -- MAVI_ALTIGEN
    t+   81.6s  CENTERING_CONVERGED  -- MAVI_ALTIGEN
    t+   96.2s  CENTERING_CONVERGED  -- MAVI_ALTIGEN
    t+  106.5s  PAYLOAD_RELEASE_CONFIRMED  -- MAVI_ALTIGEN
    t+  106.5s  PAYLOAD_RELEASED  -- PAYLOAD 1 RELEASED @0.48m
    t+  121.9s  MISSION_CURRENT_ITEM_SET  -- start index 2
    t+  122.0s  MISSION_STARTED_ONBOARD
    t+  134.0s  MISSION_CURRENT_ITEM_SET  -- start index 2
    t+  134.1s  MISSION_STARTED_ONBOARD
    t+  159.9s  CENTERING_CONVERGED  -- KIRMIZI_UCGEN
    t+  175.3s  CENTERING_CONVERGED  -- KIRMIZI_UCGEN
    t+  183.1s  CENTERING_CONVERGED  -- KIRMIZI_UCGEN
    t+  198.2s  PAYLOAD_RELEASE_CONFIRMED  -- KIRMIZI_UCGEN
    t+  198.2s  PAYLOAD_RELEASED  -- PAYLOAD 2 RELEASED @0.46m
    t+  202.5s  SEARCH_COMPLETE
    t+  202.6s  GOREV2_COMPLETE
    t+  222.3s  CENTERING_CONVERGED  -- KIRMIZI_DIKDORTGEN

  SORUNLAR (4 WARNING+)
    t+  133.6s  [CRITICAL] OFFBOARD_SWITCH_FAILED: PX4 did not report OFFBOARD before timeout
    t+  328.0s  [CRITICAL] MISSION_PHASE_CHANGED: GOREV3_RUNNING -> MISSION_FAILED (gorev3_pickup_failed)
    t+  328.0s  [CRITICAL] GOREV3_PHASE_FAILED: pickup
    t+  338.6s  [CRITICAL] MISSION_PHASE_CHANGED: LANDING -> MISSION_FAILED (landed_after_prior_failure)

  SONUC: MISSION_FAILED

===========================================================
[06:19] FAZ 5/5 -- OZET
===========================================================
KURSAD40 V34 -- demo 20260901T154033
plan sirasi: competition_1way
gorev duvar limiti: 900s   dry-run: 0

#    PLAN             YUKLEME    GOREV        SONUC
-------------------------------------------------------------------------
1    competition_1way OK         rc=0         MISSION_FAILED
[06:19] 
[06:19] her plan icin: $REPO_ROOT/.scripts/olds/v34/demo/runs/20260901T154033/<NN>_<plan>/{upload.log,mission.log,summary.txt,mission_*.jsonl}

===========================================================
[06:19] TEARDOWN
===========================================================
[06:19] SITL kapatiliyor
[06:20] artefaktlar: $REPO_ROOT/.scripts/olds/v34/demo/runs/20260901T154033
