
===========================================================
[00:00] FAZ 0/5 -- ON KONTROL
===========================================================
[00:00] python: $VENV_ROOT/bin/python
[00:00]   [OK]   PX4 SITL binary  -- $REPO_ROOT/build/px4_sitl_default/bin/px4
[00:00]   [OK]   gz (Gazebo)  -- /opt/homebrew/bin/gz 8.15.0
[00:00]   [OK]   python: mavsdk
[00:00]   [OK]   python: cv2/zmq/numpy (dashboard)
[00:00]   [OK]   safe_sitl_launcher.sh
[00:00]   [OK]   QGC missions dizini  -- $MISSIONS_DIR
[00:00]   [OK]   plan: competition_1way.plan  -- 3 waypoint
[00:00] on kontrol temiz: 1 plan sirayla kosulacak

===========================================================
[00:00] FAZ 1/5 -- PX4 SITL + GAZEBO
===========================================================
[00:00] safe_sitl_launcher.sh baslatiliyor (log: $REPO_ROOT/.scripts/olds/v34/demo/runs/20260901T121043/sitl.log)
[00:00]   pid=56486

===========================================================
[00:00] FAZ 2/5 -- ARAC HAZIR MI
===========================================================
Connection using udp:// is deprecated, please use udpin:// or udpout:// (cli_arg.cpp:28)
[WAIT] bekleniyor: 1/3 MAVLink heartbeat (kalan 214s)
[WAIT]   -> OK (25.7s)
[WAIT] bekleniyor: 2/3 global+home pozisyon (EKF) (kalan 214s)
[WAIT]   -> OK (26.6s)
[WAIT] bekleniyor: 3/3 is_armable (kalan 213s)
[WAIT]   -> OK (27.6s)
[WAIT] arac ucusa hazir (27.6s)

===========================================================
[00:28] FAZ 3/5 -- MISSION DASHBOARD
===========================================================
[00:28] dashboard KAPALI (--no-dashboard)

===========================================================
[00:29] FAZ 4/5 -- PLANLAR (SIRAYLA)
===========================================================

===========================================================
[00:29] PLAN 1/1 -- competition_1way
===========================================================
[00:29] rota yukleniyor ve dogrulaniyor
[UPLOAD] plan: competition_1way.plan  (3 item, dosyadan okundu)
Connection using udp:// is deprecated, please use udpin:// or udpout:// (cli_arg.cpp:28)
[UPLOAD] baglaniliyor: udp://:14540 (timeout 30s)
[UPLOAD] arac bagli
[UPLOAD] ayristirildi: 3 raw MAVLink item
[UPLOAD] aractaki eski rota silindi
[UPLOAD] yukleme ack alindi
[UPLOAD] geri okundu: 3 item, 0 uyusmazlik
[UPLOAD]   seq=0   cmd=22   lat=47.3977465 lon=8.5461637 alt=15.0
[UPLOAD]   seq=1   cmd=16   lat=47.3977914 lon=8.5461637 alt=15.0
[UPLOAD]   seq=2   cmd=16   lat=47.3990490 lon=8.5461637 alt=15.0
[UPLOAD] DOGRULANDI: aractaki rota .plan ile birebir ayni
[00:30] LAND modu temizligi
Connection using udp:// is deprecated, please use udpin:// or udpout:// (cli_arg.cpp:28)
[LAND-RESET] armable=True mode=HOLD armed=False on_ground=True
[00:33] gorev basliyor (main_gz.py, duvar limiti 900s)
[00:33]   canli log: tail -f $REPO_ROOT/.scripts/olds/v34/demo/runs/20260901T121043/01_competition_1way/mission.log
[06:17] gorev sureci 0 ile bitti
[06:17] olay akisi ozeti (5e8bc6ad1581)
  mission_id : 5e8bc6ad1581
  sure       : 342.8s  (5320 olay)
  kaynak     : $REPO_ROOT/.scripts/olds/v34/demo/runs/20260901T121043/01_competition_1way/mission_5e8bc6ad1581.jsonl

  FAZLAR (30)
    t+    1.0s  CONNECTING
    t+    2.8s  ARMING
    t+    2.8s  TAKEOFF
    t+    2.8s  CLIMB_TO_ALTITUDE
    t+   19.4s  CHECKPOINT_SAVE
    t+   19.4s  MISSION_ROUTE_CONFIRM
    t+   19.4s  MISSION_START
    t+   24.0s  SEARCHING
    t+   29.7s  TARGET_TRACKING
    t+   29.7s  SWITCH_TO_OFFBOARD
    t+   32.8s  SEARCHING
    t+   34.2s  TARGET_TRACKING
    t+   34.2s  SWITCH_TO_OFFBOARD
    t+   36.9s  GOTO_TARGET_CENTERING
    t+   76.3s  HOVER_CONFIRM
    t+   78.4s  GPS_SAVE
    t+  114.0s  SEARCHING
    t+  133.6s  TARGET_TRACKING
    t+  133.6s  SWITCH_TO_OFFBOARD
    t+  134.0s  GOTO_TARGET_CENTERING
    t+  155.2s  HOVER_CONFIRM
    t+  157.2s  GPS_SAVE
    t+  207.0s  SEARCH_COMPLETE
    t+  207.1s  GOREV2_COMPLETE
    t+  207.1s  GOREV3_START
    t+  207.1s  GOREV3_RUNNING
    t+  332.2s  MISSION_FAILED
    t+  332.2s  RETURN_TO_CHECKPOINT
    t+  342.7s  LANDING
    t+  342.7s  MISSION_FAILED

  KILOMETRE TASLARI (26)
    t+    1.0s  MISSION_STARTED  -- mission_id=5e8bc6ad1581
    t+    1.0s  MISSION_STARTED  -- Gorev 2 starting
    t+    2.0s  CONNECTED  -- connected to udp://:14540
    t+    2.8s  ARMED  -- vehicle armed
    t+   19.4s  CHECKPOINT_SAVED
    t+   19.4s  MISSION_ROUTE_CONFIRMED  -- 3 items already on vehicle (from QGroundControl)
    t+   23.0s  MISSION_CURRENT_ITEM_SET  -- start index 1
    t+   23.0s  MISSION_STARTED_ONBOARD
    t+   33.0s  MISSION_CURRENT_ITEM_SET  -- start index 2
    t+   33.1s  MISSION_STARTED_ONBOARD
    t+   73.2s  CENTERING_CONVERGED  -- MAVI_ALTIGEN
    t+   84.8s  CENTERING_CONVERGED  -- MAVI_ALTIGEN
    t+   91.3s  CENTERING_CONVERGED  -- MAVI_ALTIGEN
    t+  102.2s  PAYLOAD_RELEASE_CONFIRMED  -- MAVI_ALTIGEN
    t+  102.2s  PAYLOAD_RELEASED  -- PAYLOAD 1 RELEASED @0.47m
    t+  117.7s  MISSION_CURRENT_ITEM_SET  -- start index 2
    t+  117.7s  MISSION_STARTED_ONBOARD
    t+  152.1s  CENTERING_CONVERGED  -- KIRMIZI_UCGEN
    t+  167.9s  CENTERING_CONVERGED  -- KIRMIZI_UCGEN
    t+  186.9s  CENTERING_CONVERGED  -- KIRMIZI_UCGEN
    t+  200.1s  CENTERING_CONVERGED  -- KIRMIZI_UCGEN
    t+  202.9s  PAYLOAD_RELEASE_CONFIRMED  -- KIRMIZI_UCGEN
    t+  202.9s  PAYLOAD_RELEASED  -- PAYLOAD 2 RELEASED @0.42m
    t+  207.0s  SEARCH_COMPLETE
    t+  207.1s  GOREV2_COMPLETE
    t+  231.9s  CENTERING_CONVERGED  -- KIRMIZI_DIKDORTGEN

  SORUNLAR (4 WARNING+)
    t+   32.8s  [CRITICAL] OFFBOARD_SWITCH_FAILED: PX4 did not report OFFBOARD before timeout
    t+  332.2s  [CRITICAL] MISSION_PHASE_CHANGED: GOREV3_RUNNING -> MISSION_FAILED (gorev3_pickup_failed)
    t+  332.2s  [CRITICAL] GOREV3_PHASE_FAILED: pickup
    t+  342.7s  [CRITICAL] MISSION_PHASE_CHANGED: LANDING -> MISSION_FAILED (landed_after_prior_failure)

  SONUC: MISSION_FAILED

===========================================================
[06:22] FAZ 5/5 -- OZET
===========================================================
KURSAD40 V34 -- demo 20260901T121043
plan sirasi: competition_1way
gorev duvar limiti: 900s   dry-run: 0

#    PLAN             YUKLEME    GOREV        SONUC
-------------------------------------------------------------------------
1    competition_1way OK         rc=0         MISSION_FAILED
[06:22] 
[06:22] her plan icin: $REPO_ROOT/.scripts/olds/v34/demo/runs/20260901T121043/<NN>_<plan>/{upload.log,mission.log,summary.txt,mission_*.jsonl}

===========================================================
[06:22] TEARDOWN
===========================================================
[06:22] SITL kapatiliyor
[06:22] artefaktlar: $REPO_ROOT/.scripts/olds/v34/demo/runs/20260901T121043
