
===========================================================
[00:00] FAZ 0/5 -- ON KONTROL
===========================================================
[00:00] python: $VENV_ROOT/bin/python
[00:00]   [OK]   PX4 SITL binary  -- $REPO_ROOT/build/px4_sitl_default/bin/px4
[00:00]   [OK]   gz (Gazebo)  -- /opt/homebrew/bin/gz 8.15.0
[00:01]   [OK]   python: mavsdk
[00:01]   [OK]   python: cv2/zmq/numpy (dashboard)
[00:01]   [OK]   safe_sitl_launcher.sh
[00:01]   [OK]   QGC missions dizini  -- $MISSIONS_DIR
[00:01]   [OK]   plan: competition_1way.plan  -- 3 waypoint
[00:01] on kontrol temiz: 1 plan sirayla kosulacak

===========================================================
[00:01] FAZ 1/5 -- PX4 SITL + GAZEBO
===========================================================
[00:01] safe_sitl_launcher.sh baslatiliyor (log: $REPO_ROOT/.scripts/olds/v34/demo/runs/20260901T114607/sitl.log)
[00:01]   pid=49944

===========================================================
[00:01] FAZ 2/5 -- ARAC HAZIR MI
===========================================================
Connection using udp:// is deprecated, please use udpin:// or udpout:// (cli_arg.cpp:28)
bind error: Address already in use (udp_connection.cpp:93)
Connection failed: Bind error (connection_initiator.h:47)
[WAIT] bekleniyor: 1/3 MAVLink heartbeat (kalan 223s)
[WAIT]   -> OK (17.4s)
[WAIT] bekleniyor: 2/3 global+home pozisyon (EKF) (kalan 223s)
[WAIT]   -> OK (17.8s)
[WAIT] bekleniyor: 3/3 is_armable (kalan 222s)
[WAIT]   -> OK (18.8s)
[WAIT] arac ucusa hazir (18.8s)

===========================================================
[00:21] FAZ 3/5 -- MISSION DASHBOARD
===========================================================
[00:21] dashboard KAPALI (--no-dashboard)

===========================================================
[00:21] FAZ 4/5 -- PLANLAR (SIRAYLA)
===========================================================

===========================================================
[00:21] PLAN 1/1 -- competition_1way
===========================================================
[00:21] rota yukleniyor ve dogrulaniyor
[UPLOAD] plan: competition_1way.plan  (3 item, dosyadan okundu)
Connection using udp:// is deprecated, please use udpin:// or udpout:// (cli_arg.cpp:28)
[UPLOAD] baglaniliyor: udp://:14540 (timeout 30s)
[UPLOAD] arac bagli
[UPLOAD] ayristirildi: 3 raw MAVLink item
[UPLOAD] aractaki eski rota silindi
[UPLOAD] yukleme ack alindi
[UPLOAD] geri okundu: 3 item, 0 uyusmazlik
[UPLOAD]   seq=0   cmd=22   lat=47.3977465 lon=8.5461637 alt=15.0
[UPLOAD]   seq=1   cmd=16   lat=47.3977914 lon=8.5461637 alt=15.0
[UPLOAD]   seq=2   cmd=16   lat=47.3990490 lon=8.5461637 alt=15.0
[UPLOAD] DOGRULANDI: aractaki rota .plan ile birebir ayni
[00:23] LAND modu temizligi
Connection using udp:// is deprecated, please use udpin:// or udpout:// (cli_arg.cpp:28)
[LAND-RESET] armable=True mode=HOLD armed=False on_ground=True
[00:26] gorev basliyor (main_gz.py, duvar limiti 900s)
[00:26]   canli log: tail -f $REPO_ROOT/.scripts/olds/v34/demo/runs/20260901T114607/01_competition_1way/mission.log
[06:40] gorev sureci 0 ile bitti
[06:40] olay akisi ozeti (4bcea824de66)
  mission_id : 4bcea824de66
  sure       : 371.3s  (5463 olay)
  kaynak     : $REPO_ROOT/.scripts/olds/v34/demo/runs/20260901T114607/01_competition_1way/mission_4bcea824de66.jsonl

  FAZLAR (29)
    t+    1.0s  CONNECTING
    t+    2.6s  ARMING
    t+    2.7s  TAKEOFF
    t+    2.7s  CLIMB_TO_ALTITUDE
    t+   19.2s  CHECKPOINT_SAVE
    t+   19.2s  MISSION_ROUTE_CONFIRM
    t+   19.3s  MISSION_START
    t+   23.8s  SEARCHING
    t+   36.5s  TARGET_TRACKING
    t+   36.5s  SWITCH_TO_OFFBOARD
    t+   36.7s  GOTO_TARGET_CENTERING
    t+   73.4s  HOVER_CONFIRM
    t+   75.4s  GPS_SAVE
    t+  112.1s  SEARCHING
    t+  121.8s  TARGET_TRACKING
    t+  121.8s  SWITCH_TO_OFFBOARD
    t+  122.7s  GOTO_TARGET_CENTERING
    t+  154.7s  HOVER_CONFIRM
    t+  156.8s  GPS_SAVE
    t+  198.0s  SEARCH_COMPLETE
    t+  198.1s  GOREV2_COMPLETE
    t+  198.1s  GOREV3_START
    t+  198.1s  GOREV3_RUNNING
    t+  311.8s  GOREV3_RUNNING
    t+  316.8s  GOREV3_RUNNING
    t+  351.1s  RETURN_TO_CHECKPOINT
    t+  366.0s  RETURN_TO_CHECKPOINT
    t+  371.3s  LANDING
    t+  371.3s  MISSION_COMPLETE

  KILOMETRE TASLARI (26)
    t+    1.0s  MISSION_STARTED  -- mission_id=4bcea824de66
    t+    1.0s  MISSION_STARTED  -- Gorev 2 starting
    t+    2.1s  CONNECTED  -- connected to udp://:14540
    t+    2.7s  ARMED  -- vehicle armed
    t+   19.2s  CHECKPOINT_SAVED
    t+   19.3s  MISSION_ROUTE_CONFIRMED  -- 3 items already on vehicle (from QGroundControl)
    t+   22.8s  MISSION_CURRENT_ITEM_SET  -- start index 1
    t+   22.8s  MISSION_STARTED_ONBOARD
    t+   70.4s  CENTERING_CONVERGED  -- MAVI_ALTIGEN
    t+   82.1s  CENTERING_CONVERGED  -- MAVI_ALTIGEN
    t+   90.4s  CENTERING_CONVERGED  -- MAVI_ALTIGEN
    t+  100.3s  PAYLOAD_RELEASE_CONFIRMED  -- MAVI_ALTIGEN
    t+  100.3s  PAYLOAD_RELEASED  -- PAYLOAD 1 RELEASED @0.47m
    t+  115.9s  MISSION_CURRENT_ITEM_SET  -- start index 2
    t+  116.0s  MISSION_STARTED_ONBOARD
    t+  151.7s  CENTERING_CONVERGED  -- KIRMIZI_UCGEN
    t+  167.7s  CENTERING_CONVERGED  -- KIRMIZI_UCGEN
    t+  175.1s  CENTERING_CONVERGED  -- KIRMIZI_UCGEN
    t+  190.1s  CENTERING_CONVERGED  -- KIRMIZI_UCGEN
    t+  193.9s  PAYLOAD_RELEASE_CONFIRMED  -- KIRMIZI_UCGEN
    t+  193.9s  PAYLOAD_RELEASED  -- PAYLOAD 2 RELEASED @0.43m
    t+  198.0s  SEARCH_COMPLETE
    t+  198.1s  GOREV2_COMPLETE
    t+  218.4s  CENTERING_CONVERGED  -- KIRMIZI_DIKDORTGEN
    t+  366.0s  GOREV3_COMPLETE
    t+  371.3s  MISSION_COMPLETE

  SORUNLAR (0 WARNING+)
    (temiz)

  SONUC: MISSION_COMPLETE

===========================================================
[06:45] FAZ 5/5 -- OZET
===========================================================
KURSAD40 V34 -- demo 20260901T114607
plan sirasi: competition_1way
gorev duvar limiti: 900s   dry-run: 0

#    PLAN             YUKLEME    GOREV        SONUC
-------------------------------------------------------------------------
1    competition_1way OK         rc=0         MISSION_COMPLETE
[06:45] 
[06:45] her plan icin: $REPO_ROOT/.scripts/olds/v34/demo/runs/20260901T114607/<NN>_<plan>/{upload.log,mission.log,summary.txt,mission_*.jsonl}

===========================================================
[06:45] TEARDOWN
===========================================================
[06:45] SITL kapatiliyor
[06:45] artefaktlar: $REPO_ROOT/.scripts/olds/v34/demo/runs/20260901T114607
