
===========================================================
[00:00] FAZ 0/5 -- ON KONTROL
===========================================================
[00:00] python: $VENV_ROOT/bin/python
[00:00]   [OK]   PX4 SITL binary  -- $REPO_ROOT/build/px4_sitl_default/bin/px4
[00:00]   [OK]   gz (Gazebo)  -- /opt/homebrew/bin/gz 8.15.0
[00:00]   [OK]   python: mavsdk
[00:00]   [OK]   python: cv2/zmq/numpy (dashboard)
[00:00]   [OK]   safe_sitl_launcher.sh
[00:00]   [OK]   QGC missions dizini  -- $MISSIONS_DIR
[00:00]   [OK]   plan: competition_1way.plan  -- 3 waypoint
[00:00] on kontrol temiz: 1 plan sirayla kosulacak

===========================================================
[00:00] FAZ 1/5 -- PX4 SITL + GAZEBO
===========================================================
[00:00] safe_sitl_launcher.sh baslatiliyor (log: $REPO_ROOT/.scripts/olds/v34/demo/runs/20260901T075506/sitl.log)
[00:00]   pid=17604

===========================================================
[00:00] FAZ 2/5 -- ARAC HAZIR MI
===========================================================
Connection using udp:// is deprecated, please use udpin:// or udpout:// (cli_arg.cpp:28)
[WAIT] bekleniyor: 1/3 MAVLink heartbeat (kalan 224s)
[WAIT]   -> OK (15.7s)
[WAIT] bekleniyor: 2/3 global+home pozisyon (EKF) (kalan 224s)
[WAIT]   -> OK (18.6s)
[WAIT] bekleniyor: 3/3 is_armable (kalan 221s)
[WAIT]   -> OK (19.6s)
[WAIT] arac ucusa hazir (19.6s)

===========================================================
[00:20] FAZ 3/5 -- MISSION DASHBOARD
===========================================================
[00:20] dashboard KAPALI (--no-dashboard)

===========================================================
[00:20] FAZ 4/5 -- PLANLAR (SIRAYLA)
===========================================================

===========================================================
[00:20] PLAN 1/1 -- competition_1way
===========================================================
[00:20] rota yukleniyor ve dogrulaniyor
[UPLOAD] plan: competition_1way.plan  (3 item, dosyadan okundu)
Connection using udp:// is deprecated, please use udpin:// or udpout:// (cli_arg.cpp:28)
[UPLOAD] baglaniliyor: udp://:14540 (timeout 30s)
[UPLOAD] arac bagli
[UPLOAD] ayristirildi: 3 raw MAVLink item
[UPLOAD] aractaki eski rota silindi
[UPLOAD] yukleme ack alindi
[UPLOAD] geri okundu: 3 item, 0 uyusmazlik
[UPLOAD]   seq=0   cmd=22   lat=47.3977465 lon=8.5461637 alt=15.0
[UPLOAD]   seq=1   cmd=16   lat=47.3977914 lon=8.5461637 alt=15.0
[UPLOAD]   seq=2   cmd=16   lat=47.3990490 lon=8.5461637 alt=15.0
[UPLOAD] DOGRULANDI: aractaki rota .plan ile birebir ayni
[00:22] LAND modu temizligi
Connection using udp:// is deprecated, please use udpin:// or udpout:// (cli_arg.cpp:28)
[LAND-RESET] armable=True mode=HOLD armed=False on_ground=True
[00:25] gorev basliyor (main_gz.py, duvar limiti 900s)
[00:25]   canli log: tail -f $REPO_ROOT/.scripts/olds/v34/demo/runs/20260901T075506/01_competition_1way/mission.log
[04:54] gorev sureci 0 ile bitti
[04:54] olay akisi ozeti (daf4153346bf)
  mission_id : daf4153346bf
  sure       : 267.1s  (4453 olay)
  kaynak     : $REPO_ROOT/.scripts/olds/v34/demo/runs/20260901T075506/01_competition_1way/mission_daf4153346bf.jsonl

  FAZLAR (27)
    t+    1.0s  CONNECTING
    t+    2.7s  ARMING
    t+    2.7s  TAKEOFF
    t+    2.7s  CLIMB_TO_ALTITUDE
    t+   19.3s  CHECKPOINT_SAVE
    t+   19.3s  MISSION_ROUTE_CONFIRM
    t+   19.3s  MISSION_START
    t+   23.9s  SEARCHING
    t+   32.5s  TARGET_TRACKING
    t+   32.5s  SWITCH_TO_OFFBOARD
    t+   32.7s  GOTO_TARGET_CENTERING
    t+   64.4s  HOVER_CONFIRM
    t+   66.4s  GPS_SAVE
    t+  101.5s  SEARCHING
    t+  111.4s  TARGET_TRACKING
    t+  111.4s  SWITCH_TO_OFFBOARD
    t+  111.8s  GOTO_TARGET_CENTERING
    t+  143.4s  HOVER_CONFIRM
    t+  145.5s  GPS_SAVE
    t+  182.4s  SEARCH_COMPLETE
    t+  182.5s  GOREV2_COMPLETE
    t+  182.5s  GOREV3_START
    t+  182.5s  GOREV3_RUNNING
    t+  258.2s  MISSION_FAILED
    t+  258.2s  RETURN_TO_CHECKPOINT
    t+  267.0s  LANDING
    t+  267.0s  MISSION_FAILED

  KILOMETRE TASLARI (23)
    t+    1.0s  MISSION_STARTED  -- mission_id=daf4153346bf
    t+    1.0s  MISSION_STARTED  -- Gorev 2 starting
    t+    2.2s  CONNECTED  -- connected to udp://:14540
    t+    2.7s  ARMED  -- vehicle armed
    t+   19.3s  CHECKPOINT_SAVED
    t+   19.3s  MISSION_ROUTE_CONFIRMED  -- 3 items already on vehicle (from QGroundControl)
    t+   22.8s  MISSION_CURRENT_ITEM_SET  -- start index 1
    t+   22.9s  MISSION_STARTED_ONBOARD
    t+   61.3s  CENTERING_CONVERGED  -- MAVI_ALTIGEN
    t+   72.8s  CENTERING_CONVERGED  -- MAVI_ALTIGEN
    t+   79.3s  CENTERING_CONVERGED  -- MAVI_ALTIGEN
    t+   89.7s  PAYLOAD_RELEASE_CONFIRMED  -- MAVI_ALTIGEN
    t+   89.7s  PAYLOAD_RELEASED  -- PAYLOAD 1 RELEASED @0.49m
    t+  102.4s  MISSION_CURRENT_ITEM_SET  -- start index 2
    t+  102.4s  MISSION_STARTED_ONBOARD
    t+  140.3s  CENTERING_CONVERGED  -- KIRMIZI_UCGEN
    t+  155.6s  CENTERING_CONVERGED  -- KIRMIZI_UCGEN
    t+  162.1s  CENTERING_CONVERGED  -- KIRMIZI_UCGEN
    t+  175.7s  CENTERING_CONVERGED  -- KIRMIZI_UCGEN
    t+  178.2s  PAYLOAD_RELEASE_CONFIRMED  -- KIRMIZI_UCGEN
    t+  178.2s  PAYLOAD_RELEASED  -- PAYLOAD 2 RELEASED @0.43m
    t+  182.4s  SEARCH_COMPLETE
    t+  182.5s  GOREV2_COMPLETE

  SORUNLAR (3 WARNING+)
    t+  258.2s  [CRITICAL] MISSION_PHASE_CHANGED: GOREV3_RUNNING -> MISSION_FAILED (gorev3_pickup_failed)
    t+  258.2s  [CRITICAL] GOREV3_PHASE_FAILED: pickup
    t+  267.0s  [CRITICAL] MISSION_PHASE_CHANGED: LANDING -> MISSION_FAILED (landed_after_prior_failure)

  SONUC: MISSION_FAILED

===========================================================
[04:59] FAZ 5/5 -- OZET
===========================================================
KURSAD40 V34 -- demo 20260901T075506
plan sirasi: competition_1way
gorev duvar limiti: 900s   dry-run: 0

#    PLAN             YUKLEME    GOREV        SONUC
-------------------------------------------------------------------------
1    competition_1way OK         rc=0         MISSION_FAILED
[04:59] 
[04:59] her plan icin: $REPO_ROOT/.scripts/olds/v34/demo/runs/20260901T075506/<NN>_<plan>/{upload.log,mission.log,summary.txt,mission_*.jsonl}

===========================================================
[04:59] TEARDOWN
===========================================================
[04:59] SITL kapatiliyor
[04:59] artefaktlar: $REPO_ROOT/.scripts/olds/v34/demo/runs/20260901T075506
