
===========================================================
[00:00] FAZ 0/5 -- ON KONTROL
===========================================================
[00:00] python: $VENV_ROOT/bin/python
[00:00]   [OK]   PX4 SITL binary  -- $REPO_ROOT/build/px4_sitl_default/bin/px4
[00:00]   [OK]   gz (Gazebo)  -- /opt/homebrew/bin/gz 8.15.0
[00:00]   [OK]   python: mavsdk
[00:00]   [OK]   python: cv2/zmq/numpy (dashboard)
[00:00]   [OK]   safe_sitl_launcher.sh
[00:00]   [OK]   QGC missions dizini  -- $MISSIONS_DIR
[00:00]   [OK]   plan: competition_1way.plan  -- 3 waypoint
[00:00] on kontrol temiz: 1 plan sirayla kosulacak

===========================================================
[00:00] FAZ 1/5 -- PX4 SITL + GAZEBO
===========================================================
[00:00] safe_sitl_launcher.sh baslatiliyor (log: $REPO_ROOT/.scripts/olds/v34/demo/runs/20260901T061446/sitl.log)
[00:00]   pid=2764

===========================================================
[00:00] FAZ 2/5 -- ARAC HAZIR MI
===========================================================
Connection using udp:// is deprecated, please use udpin:// or udpout:// (cli_arg.cpp:28)
[WAIT] bekleniyor: 1/3 MAVLink heartbeat (kalan 223s)
[WAIT]   -> OK (16.6s)
[WAIT] bekleniyor: 2/3 global+home pozisyon (EKF) (kalan 223s)
[WAIT]   -> OK (17.6s)
[WAIT] bekleniyor: 3/3 is_armable (kalan 222s)
[WAIT]   -> OK (18.6s)
[WAIT] arac ucusa hazir (18.6s)

===========================================================
[00:21] FAZ 3/5 -- MISSION DASHBOARD
===========================================================
[00:21] dashboard KAPALI (--no-dashboard)

===========================================================
[00:21] FAZ 4/5 -- PLANLAR (SIRAYLA)
===========================================================

===========================================================
[00:21] PLAN 1/1 -- competition_1way
===========================================================
[00:21] rota yukleniyor ve dogrulaniyor
[UPLOAD] plan: competition_1way.plan  (3 item, dosyadan okundu)
Connection using udp:// is deprecated, please use udpin:// or udpout:// (cli_arg.cpp:28)
[UPLOAD] baglaniliyor: udp://:14540 (timeout 30s)
[UPLOAD] arac bagli
[UPLOAD] ayristirildi: 3 raw MAVLink item
[UPLOAD] aractaki eski rota silindi
[UPLOAD] yukleme ack alindi
[UPLOAD] geri okundu: 3 item, 0 uyusmazlik
[UPLOAD]   seq=0   cmd=22   lat=47.3977465 lon=8.5461637 alt=15.0
[UPLOAD]   seq=1   cmd=16   lat=47.3977914 lon=8.5461637 alt=15.0
[UPLOAD]   seq=2   cmd=16   lat=47.3990490 lon=8.5461637 alt=15.0
[UPLOAD] DOGRULANDI: aractaki rota .plan ile birebir ayni
[00:22] LAND modu temizligi
Connection using udp:// is deprecated, please use udpin:// or udpout:// (cli_arg.cpp:28)
[LAND-RESET] armable=True mode=HOLD armed=False on_ground=True
[00:25] gorev basliyor (main_gz.py, duvar limiti 900s)
[00:25]   canli log: tail -f $REPO_ROOT/.scripts/olds/v34/demo/runs/20260901T061446/01_competition_1way/mission.log
[07:32] gorev sureci 0 ile bitti
[07:33] olay akisi ozeti (7b1433c38e7f)
  mission_id : 7b1433c38e7f
  sure       : 425.3s  (7004 olay)
  kaynak     : $REPO_ROOT/.scripts/olds/v34/demo/runs/20260901T061446/01_competition_1way/mission_7b1433c38e7f.jsonl

  FAZLAR (27)
    t+    1.0s  CONNECTING
    t+    2.8s  ARMING
    t+    2.8s  TAKEOFF
    t+    2.9s  CLIMB_TO_ALTITUDE
    t+   19.4s  CHECKPOINT_SAVE
    t+   19.4s  MISSION_ROUTE_CONFIRM
    t+   19.4s  MISSION_START
    t+   23.9s  SEARCHING
    t+   32.6s  TARGET_TRACKING
    t+   32.6s  SWITCH_TO_OFFBOARD
    t+   32.8s  GOTO_TARGET_CENTERING
    t+   57.2s  HOVER_CONFIRM
    t+   59.3s  GPS_SAVE
    t+   59.3s  SEARCHING
    t+   78.1s  TARGET_TRACKING
    t+   78.1s  SWITCH_TO_OFFBOARD
    t+   78.9s  GOTO_TARGET_CENTERING
    t+  115.9s  HOVER_CONFIRM
    t+  118.0s  GPS_SAVE
    t+  156.4s  SEARCH_COMPLETE
    t+  281.1s  GOREV2_COMPLETE
    t+  281.1s  GOREV3_START
    t+  281.1s  GOREV3_RUNNING
    t+  410.8s  MISSION_FAILED
    t+  410.8s  RETURN_TO_CHECKPOINT
    t+  425.2s  LANDING
    t+  425.2s  MISSION_FAILED

  KILOMETRE TASLARI (27)
    t+    1.0s  MISSION_STARTED  -- mission_id=7b1433c38e7f
    t+    1.0s  MISSION_STARTED  -- Gorev 2 starting
    t+    1.9s  CONNECTED  -- connected to udp://:14540
    t+    2.8s  ARMED  -- vehicle armed
    t+   19.4s  CHECKPOINT_SAVED
    t+   19.4s  MISSION_ROUTE_CONFIRMED  -- 3 items already on vehicle (from QGroundControl)
    t+   22.9s  MISSION_CURRENT_ITEM_SET  -- start index 1
    t+   22.9s  MISSION_STARTED_ONBOARD
    t+   54.1s  CENTERING_CONVERGED  -- KIRMIZI_UCGEN
    t+   64.2s  MISSION_CURRENT_ITEM_SET  -- start index 2
    t+   64.2s  MISSION_STARTED_ONBOARD
    t+  112.8s  CENTERING_CONVERGED  -- MAVI_ALTIGEN
    t+  124.6s  CENTERING_CONVERGED  -- MAVI_ALTIGEN
    t+  134.5s  CENTERING_CONVERGED  -- MAVI_ALTIGEN
    t+  144.7s  PAYLOAD_RELEASE_CONFIRMED  -- MAVI_ALTIGEN
    t+  144.7s  PAYLOAD_RELEASED  -- PAYLOAD 1 RELEASED @0.47m
    t+  156.4s  SEARCH_COMPLETE
    t+  169.9s  CENTERING_CONVERGED  -- MAVI_ALTIGEN
    t+  202.0s  PAYLOAD_RELEASE_CONFIRMED  -- MAVI_ALTIGEN
    t+  202.0s  PAYLOAD_RELEASED  -- PAYLOAD 2 RELEASED @0.49m
    t+  239.4s  CENTERING_CONVERGED  -- KIRMIZI_UCGEN
    t+  261.3s  CENTERING_CONVERGED  -- KIRMIZI_UCGEN
    t+  274.0s  CENTERING_CONVERGED  -- KIRMIZI_UCGEN
    t+  276.8s  PAYLOAD_RELEASE_CONFIRMED  -- KIRMIZI_UCGEN
    t+  276.8s  PAYLOAD_RELEASED  -- PAYLOAD 3 RELEASED @0.45m
    t+  281.1s  GOREV2_COMPLETE
    t+  305.7s  CENTERING_CONVERGED  -- KIRMIZI_DIKDORTGEN

  SORUNLAR (3 WARNING+)
    t+  410.8s  [CRITICAL] MISSION_PHASE_CHANGED: GOREV3_RUNNING -> MISSION_FAILED (gorev3_pickup_failed)
    t+  410.8s  [CRITICAL] GOREV3_PHASE_FAILED: pickup
    t+  425.2s  [CRITICAL] MISSION_PHASE_CHANGED: LANDING -> MISSION_FAILED (landed_after_prior_failure)

  SONUC: MISSION_FAILED

===========================================================
[07:38] FAZ 5/5 -- OZET
===========================================================
KURSAD40 V34 -- demo 20260901T061446
plan sirasi: competition_1way
gorev duvar limiti: 900s   dry-run: 0

#    PLAN             YUKLEME    GOREV        SONUC
-------------------------------------------------------------------------
1    competition_1way OK         rc=0         MISSION_FAILED
[07:38] 
[07:38] her plan icin: $REPO_ROOT/.scripts/olds/v34/demo/runs/20260901T061446/<NN>_<plan>/{upload.log,mission.log,summary.txt,mission_*.jsonl}

===========================================================
[07:38] TEARDOWN
===========================================================
[07:38] SITL ACIK BIRAKILDI (--keep-sitl). Kapatmak icin:
[07:38]   pkill -9 -f 'bin/px4$'; pkill -9 -f 'gz sim'
[07:38] artefaktlar: $REPO_ROOT/.scripts/olds/v34/demo/runs/20260901T061446
