
===========================================================
[00:00] FAZ 0/5 -- ON KONTROL
===========================================================
[00:00] python: $VENV_ROOT/bin/python
[00:00]   [OK]   PX4 SITL binary  -- $REPO_ROOT/build/px4_sitl_default/bin/px4
[00:00]   [OK]   gz (Gazebo)  -- /opt/homebrew/bin/gz 8.15.0
[00:00]   [OK]   python: mavsdk
[00:00]   [OK]   python: cv2/zmq/numpy (dashboard)
[00:00]   [OK]   safe_sitl_launcher.sh
[00:00]   [OK]   QGC missions dizini  -- $MISSIONS_DIR
[00:00]   [OK]   plan: competition_1way.plan  -- 3 waypoint
[00:00] on kontrol temiz: 1 plan sirayla kosulacak

===========================================================
[00:00] FAZ 1/5 -- PX4 SITL + GAZEBO
===========================================================
[00:00] safe_sitl_launcher.sh baslatiliyor (log: $REPO_ROOT/.scripts/olds/v34/demo/runs/20260901T080006/sitl.log)
[00:00]   pid=18943

===========================================================
[00:00] FAZ 2/5 -- ARAC HAZIR MI
===========================================================
Connection using udp:// is deprecated, please use udpin:// or udpout:// (cli_arg.cpp:28)
[WAIT] bekleniyor: 1/3 MAVLink heartbeat (kalan 224s)
[WAIT]   -> OK (15.9s)
[WAIT] bekleniyor: 2/3 global+home pozisyon (EKF) (kalan 224s)
[WAIT]   -> OK (18.8s)
[WAIT] bekleniyor: 3/3 is_armable (kalan 221s)
[WAIT]   -> OK (19.8s)
[WAIT] arac ucusa hazir (19.8s)

===========================================================
[00:20] FAZ 3/5 -- MISSION DASHBOARD
===========================================================
[00:20] dashboard KAPALI (--no-dashboard)

===========================================================
[00:20] FAZ 4/5 -- PLANLAR (SIRAYLA)
===========================================================

===========================================================
[00:20] PLAN 1/1 -- competition_1way
===========================================================
[00:20] rota yukleniyor ve dogrulaniyor
[UPLOAD] plan: competition_1way.plan  (3 item, dosyadan okundu)
Connection using udp:// is deprecated, please use udpin:// or udpout:// (cli_arg.cpp:28)
[UPLOAD] baglaniliyor: udp://:14540 (timeout 30s)
[UPLOAD] arac bagli
[UPLOAD] ayristirildi: 3 raw MAVLink item
[UPLOAD] aractaki eski rota silindi
[UPLOAD] yukleme ack alindi
[UPLOAD] geri okundu: 3 item, 0 uyusmazlik
[UPLOAD]   seq=0   cmd=22   lat=47.3977465 lon=8.5461637 alt=15.0
[UPLOAD]   seq=1   cmd=16   lat=47.3977914 lon=8.5461637 alt=15.0
[UPLOAD]   seq=2   cmd=16   lat=47.3990490 lon=8.5461637 alt=15.0
[UPLOAD] DOGRULANDI: aractaki rota .plan ile birebir ayni
[00:21] LAND modu temizligi
Connection using udp:// is deprecated, please use udpin:// or udpout:// (cli_arg.cpp:28)
[LAND-RESET] armable=True mode=HOLD armed=False on_ground=True
[00:25] gorev basliyor (main_gz.py, duvar limiti 900s)
[00:25]   canli log: tail -f $REPO_ROOT/.scripts/olds/v34/demo/runs/20260901T080006/01_competition_1way/mission.log
[04:28] gorev sureci 0 ile bitti
[04:28] olay akisi ozeti (43a2852c94d1)
  mission_id : 43a2852c94d1
  sure       : 241.4s  (4178 olay)
  kaynak     : $REPO_ROOT/.scripts/olds/v34/demo/runs/20260901T080006/01_competition_1way/mission_43a2852c94d1.jsonl

  FAZLAR (28)
    t+    1.0s  CONNECTING
    t+    2.7s  ARMING
    t+    2.7s  TAKEOFF
    t+    2.7s  CLIMB_TO_ALTITUDE
    t+   19.3s  CHECKPOINT_SAVE
    t+   19.3s  MISSION_ROUTE_CONFIRM
    t+   19.3s  MISSION_START
    t+   23.8s  SEARCHING
    t+   34.5s  TARGET_TRACKING
    t+   34.5s  SWITCH_TO_OFFBOARD
    t+   34.7s  GOTO_TARGET_CENTERING
    t+   75.2s  HOVER_CONFIRM
    t+   77.3s  GPS_SAVE
    t+  115.4s  SEARCHING
    t+  129.6s  TARGET_TRACKING
    t+  129.6s  SWITCH_TO_OFFBOARD
    t+  132.6s  SEARCHING
    t+  134.1s  TARGET_TRACKING
    t+  134.1s  SWITCH_TO_OFFBOARD
    t+  139.0s  SEARCHING
    t+  141.1s  TARGET_TRACKING
    t+  141.1s  SWITCH_TO_OFFBOARD
    t+  143.8s  GOTO_TARGET_CENTERING
    t+  218.9s  SEARCHING
    t+  224.0s  MISSION_FAILED
    t+  224.0s  RETURN_TO_CHECKPOINT
    t+  241.3s  LANDING
    t+  241.3s  MISSION_FAILED

  KILOMETRE TASLARI (21)
    t+    1.0s  MISSION_STARTED  -- mission_id=43a2852c94d1
    t+    1.0s  MISSION_STARTED  -- Gorev 2 starting
    t+    2.0s  CONNECTED  -- connected to udp://:14540
    t+    2.7s  ARMED  -- vehicle armed
    t+   19.3s  CHECKPOINT_SAVED
    t+   19.3s  MISSION_ROUTE_CONFIRMED  -- 3 items already on vehicle (from QGroundControl)
    t+   22.8s  MISSION_CURRENT_ITEM_SET  -- start index 1
    t+   22.8s  MISSION_STARTED_ONBOARD
    t+   72.1s  CENTERING_CONVERGED  -- MAVI_ALTIGEN
    t+   84.8s  CENTERING_CONVERGED  -- MAVI_ALTIGEN
    t+   93.5s  CENTERING_CONVERGED  -- MAVI_ALTIGEN
    t+  103.9s  PAYLOAD_RELEASE_CONFIRMED  -- MAVI_ALTIGEN
    t+  103.9s  PAYLOAD_RELEASED  -- PAYLOAD 1 RELEASED @0.49m
    t+  119.4s  MISSION_CURRENT_ITEM_SET  -- start index 2
    t+  119.4s  MISSION_STARTED_ONBOARD
    t+  133.4s  MISSION_CURRENT_ITEM_SET  -- start index 2
    t+  133.5s  MISSION_STARTED_ONBOARD
    t+  140.5s  MISSION_CURRENT_ITEM_SET  -- start index 2
    t+  140.5s  MISSION_STARTED_ONBOARD
    t+  218.9s  MISSION_CURRENT_ITEM_SET  -- start index 2
    t+  218.9s  MISSION_STARTED_ONBOARD

  SORUNLAR (6 WARNING+)
    t+  132.6s  [CRITICAL] OFFBOARD_SWITCH_FAILED: PX4 did not report OFFBOARD before timeout
    t+  139.0s  [CRITICAL] OFFBOARD_SWITCH_FAILED: PX4 did not report OFFBOARD before timeout
    t+  218.9s  [CRITICAL] TARGET_SEEN_BUT_NOT_CENTERED: KIRMIZI_UCGEN
    t+  224.0s  [CRITICAL] MISSION_FINISHED_UNEXPECTED: flight.is_mission_finished() returned True before both targets were found
    t+  224.0s  [CRITICAL] MISSION_PHASE_CHANGED: SEARCHING -> MISSION_FAILED (search_incomplete_mission_finished)
    t+  241.3s  [CRITICAL] MISSION_PHASE_CHANGED: LANDING -> MISSION_FAILED (landed_after_prior_failure)

  SONUC: MISSION_FAILED

===========================================================
[04:33] FAZ 5/5 -- OZET
===========================================================
KURSAD40 V34 -- demo 20260901T080006
plan sirasi: competition_1way
gorev duvar limiti: 900s   dry-run: 0

#    PLAN             YUKLEME    GOREV        SONUC
-------------------------------------------------------------------------
1    competition_1way OK         rc=0         MISSION_FAILED
[04:33] 
[04:33] her plan icin: $REPO_ROOT/.scripts/olds/v34/demo/runs/20260901T080006/<NN>_<plan>/{upload.log,mission.log,summary.txt,mission_*.jsonl}

===========================================================
[04:33] TEARDOWN
===========================================================
[04:33] SITL kapatiliyor
[04:33] artefaktlar: $REPO_ROOT/.scripts/olds/v34/demo/runs/20260901T080006
