
===========================================================
[00:00] FAZ 0/5 -- ON KONTROL
===========================================================
[00:00] python: $VENV_ROOT/bin/python
[00:00]   [OK]   PX4 SITL binary  -- $REPO_ROOT/build/px4_sitl_default/bin/px4
[00:00]   [OK]   gz (Gazebo)  -- /opt/homebrew/bin/gz 8.15.0
[00:01]   [OK]   python: mavsdk
[00:01]   [OK]   python: cv2/zmq/numpy (dashboard)
[00:01]   [OK]   safe_sitl_launcher.sh
[00:01]   [OK]   QGC missions dizini  -- $MISSIONS_DIR
[00:01]   [OK]   plan: competition_1way.plan  -- 3 waypoint
[00:01] on kontrol temiz: 1 plan sirayla kosulacak

===========================================================
[00:01] FAZ 1/5 -- PX4 SITL + GAZEBO
===========================================================
[00:01] safe_sitl_launcher.sh baslatiliyor (log: $REPO_ROOT/.scripts/olds/v34/demo/runs/20260901T081900/sitl.log)
[00:01]   pid=23587

===========================================================
[00:01] FAZ 2/5 -- ARAC HAZIR MI
===========================================================
Connection using udp:// is deprecated, please use udpin:// or udpout:// (cli_arg.cpp:28)
[WAIT] bekleniyor: 1/3 MAVLink heartbeat (kalan 222s)
[WAIT]   -> OK (17.7s)
[WAIT] bekleniyor: 2/3 global+home pozisyon (EKF) (kalan 222s)
[WAIT]   -> OK (18.7s)
[WAIT] bekleniyor: 3/3 is_armable (kalan 221s)
[WAIT]   -> OK (19.7s)
[WAIT] arac ucusa hazir (19.7s)

===========================================================
[00:21] FAZ 3/5 -- MISSION DASHBOARD
===========================================================
[00:21] dashboard KAPALI (--no-dashboard)

===========================================================
[00:21] FAZ 4/5 -- PLANLAR (SIRAYLA)
===========================================================

===========================================================
[00:21] PLAN 1/1 -- competition_1way
===========================================================
[00:21] rota yukleniyor ve dogrulaniyor
[UPLOAD] plan: competition_1way.plan  (3 item, dosyadan okundu)
Connection using udp:// is deprecated, please use udpin:// or udpout:// (cli_arg.cpp:28)
[UPLOAD] baglaniliyor: udp://:14540 (timeout 30s)
[UPLOAD] arac bagli
[UPLOAD] ayristirildi: 3 raw MAVLink item
[UPLOAD] aractaki eski rota silindi
[UPLOAD] yukleme ack alindi
[UPLOAD] geri okundu: 3 item, 0 uyusmazlik
[UPLOAD]   seq=0   cmd=22   lat=47.3977465 lon=8.5461637 alt=15.0
[UPLOAD]   seq=1   cmd=16   lat=47.3977914 lon=8.5461637 alt=15.0
[UPLOAD]   seq=2   cmd=16   lat=47.3990490 lon=8.5461637 alt=15.0
[UPLOAD] DOGRULANDI: aractaki rota .plan ile birebir ayni
[00:22] LAND modu temizligi
Connection using udp:// is deprecated, please use udpin:// or udpout:// (cli_arg.cpp:28)
[LAND-RESET] armable=False mode=HOLD armed=False on_ground=True
[LAND-RESET] disarmed + on ground but not armable (mode=HOLD) -- commanding HOLD...
Received ack for not-existing command: 176! Ignoring... (mavlink_command_sender.cpp:304)
[LAND-RESET] armable after 4s (mode=HOLD)
[00:30] gorev basliyor (main_gz.py, duvar limiti 900s)
[00:30]   canli log: tail -f $REPO_ROOT/.scripts/olds/v34/demo/runs/20260901T081900/01_competition_1way/mission.log
[07:36] gorev sureci 0 ile bitti
[07:36] olay akisi ozeti (cbea5554cfbd)
  mission_id : cbea5554cfbd
  sure       : 424.9s  (6824 olay)
  kaynak     : $REPO_ROOT/.scripts/olds/v34/demo/runs/20260901T081900/01_competition_1way/mission_cbea5554cfbd.jsonl

  FAZLAR (27)
    t+    1.0s  CONNECTING
    t+    2.7s  ARMING
    t+    2.7s  TAKEOFF
    t+    2.7s  CLIMB_TO_ALTITUDE
    t+   19.3s  CHECKPOINT_SAVE
    t+   19.3s  MISSION_ROUTE_CONFIRM
    t+   19.3s  MISSION_START
    t+   23.9s  SEARCHING
    t+   32.4s  TARGET_TRACKING
    t+   32.4s  SWITCH_TO_OFFBOARD
    t+   32.8s  GOTO_TARGET_CENTERING
    t+   62.9s  HOVER_CONFIRM
    t+   65.0s  GPS_SAVE
    t+   65.0s  SEARCHING
    t+   84.8s  TARGET_TRACKING
    t+   84.8s  SWITCH_TO_OFFBOARD
    t+   85.9s  GOTO_TARGET_CENTERING
    t+  125.1s  HOVER_CONFIRM
    t+  127.2s  GPS_SAVE
    t+  161.8s  SEARCH_COMPLETE
    t+  265.2s  GOREV2_COMPLETE
    t+  265.2s  GOREV3_START
    t+  265.2s  GOREV3_RUNNING
    t+  410.1s  MISSION_FAILED
    t+  410.1s  RETURN_TO_CHECKPOINT
    t+  424.8s  LANDING
    t+  424.8s  MISSION_FAILED

  KILOMETRE TASLARI (26)
    t+    1.0s  MISSION_STARTED  -- mission_id=cbea5554cfbd
    t+    1.0s  MISSION_STARTED  -- Gorev 2 starting
    t+    2.0s  CONNECTED  -- connected to udp://:14540
    t+    2.7s  ARMED  -- vehicle armed
    t+   19.3s  CHECKPOINT_SAVED
    t+   19.3s  MISSION_ROUTE_CONFIRMED  -- 3 items already on vehicle (from QGroundControl)
    t+   22.9s  MISSION_CURRENT_ITEM_SET  -- start index 1
    t+   22.9s  MISSION_STARTED_ONBOARD
    t+   59.8s  CENTERING_CONVERGED  -- KIRMIZI_UCGEN
    t+   70.2s  MISSION_CURRENT_ITEM_SET  -- start index 2
    t+   70.2s  MISSION_STARTED_ONBOARD
    t+  122.0s  CENTERING_CONVERGED  -- MAVI_ALTIGEN
    t+  133.5s  CENTERING_CONVERGED  -- MAVI_ALTIGEN
    t+  140.1s  CENTERING_CONVERGED  -- MAVI_ALTIGEN
    t+  150.1s  PAYLOAD_RELEASE_CONFIRMED  -- MAVI_ALTIGEN
    t+  150.1s  PAYLOAD_RELEASED  -- PAYLOAD 1 RELEASED @0.47m
    t+  161.8s  SEARCH_COMPLETE
    t+  168.1s  CENTERING_CONVERGED  -- MAVI_ALTIGEN
    t+  176.0s  CENTERING_CONVERGED  -- MAVI_ALTIGEN
    t+  186.3s  PAYLOAD_RELEASE_CONFIRMED  -- MAVI_ALTIGEN
    t+  186.3s  PAYLOAD_RELEASED  -- PAYLOAD 2 RELEASED @0.48m
    t+  235.3s  CENTERING_CONVERGED  -- KIRMIZI_UCGEN
    t+  261.2s  PAYLOAD_RELEASE_CONFIRMED  -- KIRMIZI_UCGEN
    t+  261.2s  PAYLOAD_RELEASED  -- PAYLOAD 3 RELEASED @0.45m
    t+  265.2s  GOREV2_COMPLETE
    t+  293.7s  CENTERING_CONVERGED  -- KIRMIZI_DIKDORTGEN

  SORUNLAR (3 WARNING+)
    t+  410.1s  [CRITICAL] MISSION_PHASE_CHANGED: GOREV3_RUNNING -> MISSION_FAILED (gorev3_pickup_failed)
    t+  410.1s  [CRITICAL] GOREV3_PHASE_FAILED: pickup
    t+  424.8s  [CRITICAL] MISSION_PHASE_CHANGED: LANDING -> MISSION_FAILED (landed_after_prior_failure)

  SONUC: MISSION_FAILED

===========================================================
[07:41] FAZ 5/5 -- OZET
===========================================================
KURSAD40 V34 -- demo 20260901T081900
plan sirasi: competition_1way
gorev duvar limiti: 900s   dry-run: 0

#    PLAN             YUKLEME    GOREV        SONUC
-------------------------------------------------------------------------
1    competition_1way OK         rc=0         MISSION_FAILED
[07:41] 
[07:41] her plan icin: $REPO_ROOT/.scripts/olds/v34/demo/runs/20260901T081900/<NN>_<plan>/{upload.log,mission.log,summary.txt,mission_*.jsonl}

===========================================================
[07:41] TEARDOWN
===========================================================
[07:41] SITL kapatiliyor
[07:41] artefaktlar: $REPO_ROOT/.scripts/olds/v34/demo/runs/20260901T081900
