
===========================================================
[00:00] FAZ 0/5 -- ON KONTROL
===========================================================
[00:00] python: $VENV_ROOT/bin/python
[00:00]   [OK]   PX4 SITL binary  -- $REPO_ROOT/build/px4_sitl_default/bin/px4
[00:00]   [OK]   gz (Gazebo)  -- /opt/homebrew/bin/gz 8.15.0
[00:00]   [OK]   python: mavsdk
[00:00]   [OK]   python: cv2/zmq/numpy (dashboard)
[00:00]   [OK]   safe_sitl_launcher.sh
[00:00]   [OK]   QGC missions dizini  -- $MISSIONS_DIR
[00:00]   [OK]   plan: competition_1way.plan  -- 3 waypoint
[00:00] on kontrol temiz: 1 plan sirayla kosulacak

===========================================================
[00:00] FAZ 1/5 -- PX4 SITL + GAZEBO
===========================================================
[00:00] safe_sitl_launcher.sh baslatiliyor (log: $REPO_ROOT/.scripts/olds/v34/demo/runs/20260901T115252/sitl.log)
[00:00]   pid=51825

===========================================================
[00:00] FAZ 2/5 -- ARAC HAZIR MI
===========================================================
Connection using udp:// is deprecated, please use udpin:// or udpout:// (cli_arg.cpp:28)
[WAIT] bekleniyor: 1/3 MAVLink heartbeat (kalan 224s)
[WAIT]   -> OK (15.8s)
[WAIT] bekleniyor: 2/3 global+home pozisyon (EKF) (kalan 224s)
[WAIT]   -> OK (18.8s)
[WAIT] bekleniyor: 3/3 is_armable (kalan 221s)
[WAIT]   -> OK (19.8s)
[WAIT] arac ucusa hazir (19.8s)

===========================================================
[00:20] FAZ 3/5 -- MISSION DASHBOARD
===========================================================
[00:20] dashboard KAPALI (--no-dashboard)

===========================================================
[00:20] FAZ 4/5 -- PLANLAR (SIRAYLA)
===========================================================

===========================================================
[00:20] PLAN 1/1 -- competition_1way
===========================================================
[00:20] rota yukleniyor ve dogrulaniyor
[UPLOAD] plan: competition_1way.plan  (3 item, dosyadan okundu)
Connection using udp:// is deprecated, please use udpin:// or udpout:// (cli_arg.cpp:28)
[UPLOAD] baglaniliyor: udp://:14540 (timeout 30s)
[UPLOAD] arac bagli
[UPLOAD] ayristirildi: 3 raw MAVLink item
[UPLOAD] aractaki eski rota silindi
[UPLOAD] yukleme ack alindi
[UPLOAD] geri okundu: 3 item, 0 uyusmazlik
[UPLOAD]   seq=0   cmd=22   lat=47.3977465 lon=8.5461637 alt=15.0
[UPLOAD]   seq=1   cmd=16   lat=47.3977914 lon=8.5461637 alt=15.0
[UPLOAD]   seq=2   cmd=16   lat=47.3990490 lon=8.5461637 alt=15.0
[UPLOAD] DOGRULANDI: aractaki rota .plan ile birebir ayni
[00:21] LAND modu temizligi
Connection using udp:// is deprecated, please use udpin:// or udpout:// (cli_arg.cpp:28)
[LAND-RESET] armable=True mode=HOLD armed=False on_ground=True
[00:25] gorev basliyor (main_gz.py, duvar limiti 900s)
[00:25]   canli log: tail -f $REPO_ROOT/.scripts/olds/v34/demo/runs/20260901T115252/01_competition_1way/mission.log
[07:05] gorev sureci 0 ile bitti
[07:05] olay akisi ozeti (f02969d85a0b)
  mission_id : f02969d85a0b
  sure       : 398.1s  (6149 olay)
  kaynak     : $REPO_ROOT/.scripts/olds/v34/demo/runs/20260901T115252/01_competition_1way/mission_f02969d85a0b.jsonl

  FAZLAR (27)
    t+    1.0s  CONNECTING
    t+    2.8s  ARMING
    t+    2.8s  TAKEOFF
    t+    2.8s  CLIMB_TO_ALTITUDE
    t+   19.4s  CHECKPOINT_SAVE
    t+   19.4s  MISSION_ROUTE_CONFIRM
    t+   19.4s  MISSION_START
    t+   23.9s  SEARCHING
    t+   29.7s  TARGET_TRACKING
    t+   29.7s  SWITCH_TO_OFFBOARD
    t+   30.0s  GOTO_TARGET_CENTERING
    t+   65.8s  HOVER_CONFIRM
    t+   67.9s  GPS_SAVE
    t+   67.9s  SEARCHING
    t+   84.2s  TARGET_TRACKING
    t+   84.2s  SWITCH_TO_OFFBOARD
    t+   84.9s  GOTO_TARGET_CENTERING
    t+  115.8s  HOVER_CONFIRM
    t+  117.9s  GPS_SAVE
    t+  152.9s  SEARCH_COMPLETE
    t+  255.7s  GOREV2_COMPLETE
    t+  255.7s  GOREV3_START
    t+  255.7s  GOREV3_RUNNING
    t+  385.9s  MISSION_FAILED
    t+  385.9s  RETURN_TO_CHECKPOINT
    t+  398.0s  LANDING
    t+  398.1s  MISSION_FAILED

  KILOMETRE TASLARI (27)
    t+    1.0s  MISSION_STARTED  -- mission_id=f02969d85a0b
    t+    1.0s  MISSION_STARTED  -- Gorev 2 starting
    t+    1.9s  CONNECTED  -- connected to udp://:14540
    t+    2.8s  ARMED  -- vehicle armed
    t+   19.4s  CHECKPOINT_SAVED
    t+   19.4s  MISSION_ROUTE_CONFIRMED  -- 3 items already on vehicle (from QGroundControl)
    t+   22.9s  MISSION_CURRENT_ITEM_SET  -- start index 1
    t+   22.9s  MISSION_STARTED_ONBOARD
    t+   62.8s  CENTERING_CONVERGED  -- KIRMIZI_UCGEN
    t+   73.3s  MISSION_CURRENT_ITEM_SET  -- start index 2
    t+   73.3s  MISSION_STARTED_ONBOARD
    t+  112.7s  CENTERING_CONVERGED  -- MAVI_ALTIGEN
    t+  124.1s  CENTERING_CONVERGED  -- MAVI_ALTIGEN
    t+  131.3s  CENTERING_CONVERGED  -- MAVI_ALTIGEN
    t+  141.2s  PAYLOAD_RELEASE_CONFIRMED  -- MAVI_ALTIGEN
    t+  141.2s  PAYLOAD_RELEASED  -- PAYLOAD 1 RELEASED @0.49m
    t+  152.9s  SEARCH_COMPLETE
    t+  159.2s  CENTERING_CONVERGED  -- MAVI_ALTIGEN
    t+  165.7s  CENTERING_CONVERGED  -- MAVI_ALTIGEN
    t+  176.6s  PAYLOAD_RELEASE_CONFIRMED  -- MAVI_ALTIGEN
    t+  176.6s  PAYLOAD_RELEASED  -- PAYLOAD 2 RELEASED @0.48m
    t+  215.9s  CENTERING_CONVERGED  -- KIRMIZI_UCGEN
    t+  227.4s  CENTERING_CONVERGED  -- KIRMIZI_UCGEN
    t+  251.7s  PAYLOAD_RELEASE_CONFIRMED  -- KIRMIZI_UCGEN
    t+  251.7s  PAYLOAD_RELEASED  -- PAYLOAD 3 RELEASED @0.48m
    t+  255.7s  GOREV2_COMPLETE
    t+  276.3s  CENTERING_CONVERGED  -- KIRMIZI_DIKDORTGEN

  SORUNLAR (3 WARNING+)
    t+  385.9s  [CRITICAL] MISSION_PHASE_CHANGED: GOREV3_RUNNING -> MISSION_FAILED (gorev3_pickup_failed)
    t+  385.9s  [CRITICAL] GOREV3_PHASE_FAILED: pickup
    t+  398.1s  [CRITICAL] MISSION_PHASE_CHANGED: LANDING -> MISSION_FAILED (landed_after_prior_failure)

  SONUC: MISSION_FAILED

===========================================================
[07:10] FAZ 5/5 -- OZET
===========================================================
KURSAD40 V34 -- demo 20260901T115252
plan sirasi: competition_1way
gorev duvar limiti: 900s   dry-run: 0

#    PLAN             YUKLEME    GOREV        SONUC
-------------------------------------------------------------------------
1    competition_1way OK         rc=0         MISSION_FAILED
[07:10] 
[07:10] her plan icin: $REPO_ROOT/.scripts/olds/v34/demo/runs/20260901T115252/<NN>_<plan>/{upload.log,mission.log,summary.txt,mission_*.jsonl}

===========================================================
[07:10] TEARDOWN
===========================================================
[07:10] SITL kapatiliyor
[07:10] artefaktlar: $REPO_ROOT/.scripts/olds/v34/demo/runs/20260901T115252
