
===========================================================
[00:00] FAZ 0/5 -- ON KONTROL
===========================================================
[00:00] python: $VENV_ROOT/bin/python
[00:00]   [OK]   PX4 SITL binary  -- $REPO_ROOT/build/px4_sitl_default/bin/px4
[00:00]   [OK]   gz (Gazebo)  -- /opt/homebrew/bin/gz 8.15.0
[00:00]   [OK]   python: mavsdk
[00:00]   [OK]   python: cv2/zmq/numpy (dashboard)
[00:00]   [OK]   safe_sitl_launcher.sh
[00:00]   [OK]   QGC missions dizini  -- $MISSIONS_DIR
[00:00]   [OK]   plan: competition_1way.plan  -- 3 waypoint
[00:00] on kontrol temiz: 1 plan sirayla kosulacak

===========================================================
[00:00] FAZ 1/5 -- PX4 SITL + GAZEBO
===========================================================
[00:00] safe_sitl_launcher.sh baslatiliyor (log: $REPO_ROOT/.scripts/olds/v34/demo/runs/20260901T091708/sitl.log)
[00:00]   pid=29449

===========================================================
[00:00] FAZ 2/5 -- ARAC HAZIR MI
===========================================================
Connection using udp:// is deprecated, please use udpin:// or udpout:// (cli_arg.cpp:28)
[WAIT] bekleniyor: 1/3 MAVLink heartbeat (kalan 224s)
[WAIT]   -> OK (16.0s)
[WAIT] bekleniyor: 2/3 global+home pozisyon (EKF) (kalan 224s)
[WAIT]   -> OK (18.8s)
[WAIT] bekleniyor: 3/3 is_armable (kalan 221s)
[WAIT]   -> OK (19.8s)
[WAIT] arac ucusa hazir (19.8s)

===========================================================
[00:20] FAZ 3/5 -- MISSION DASHBOARD
===========================================================
[00:20] dashboard KAPALI (--no-dashboard)

===========================================================
[00:20] FAZ 4/5 -- PLANLAR (SIRAYLA)
===========================================================

===========================================================
[00:20] PLAN 1/1 -- competition_1way
===========================================================
[00:20] rota yukleniyor ve dogrulaniyor
[UPLOAD] plan: competition_1way.plan  (3 item, dosyadan okundu)
Connection using udp:// is deprecated, please use udpin:// or udpout:// (cli_arg.cpp:28)
[UPLOAD] baglaniliyor: udp://:14540 (timeout 30s)
[UPLOAD] arac bagli
[UPLOAD] ayristirildi: 3 raw MAVLink item
[UPLOAD] aractaki eski rota silindi
[UPLOAD] yukleme ack alindi
[UPLOAD] geri okundu: 3 item, 0 uyusmazlik
[UPLOAD]   seq=0   cmd=22   lat=47.3977465 lon=8.5461637 alt=15.0
[UPLOAD]   seq=1   cmd=16   lat=47.3977914 lon=8.5461637 alt=15.0
[UPLOAD]   seq=2   cmd=16   lat=47.3990490 lon=8.5461637 alt=15.0
[UPLOAD] DOGRULANDI: aractaki rota .plan ile birebir ayni
[00:21] LAND modu temizligi
Connection using udp:// is deprecated, please use udpin:// or udpout:// (cli_arg.cpp:28)
[LAND-RESET] armable=True mode=HOLD armed=False on_ground=True
[00:25] gorev basliyor (main_gz.py, duvar limiti 900s)
[00:25]   canli log: tail -f $REPO_ROOT/.scripts/olds/v34/demo/runs/20260901T091708/01_competition_1way/mission.log
[07:12] gorev sureci 0 ile bitti
[07:12] olay akisi ozeti (fc9e0157395e)
  mission_id : fc9e0157395e
  sure       : 406.4s  (6631 olay)
  kaynak     : $REPO_ROOT/.scripts/olds/v34/demo/runs/20260901T091708/01_competition_1way/mission_fc9e0157395e.jsonl

  FAZLAR (30)
    t+    1.0s  CONNECTING
    t+    2.7s  ARMING
    t+    2.7s  TAKEOFF
    t+    2.7s  CLIMB_TO_ALTITUDE
    t+   19.3s  CHECKPOINT_SAVE
    t+   19.3s  MISSION_ROUTE_CONFIRM
    t+   19.3s  MISSION_START
    t+   23.7s  SEARCHING
    t+   28.4s  TARGET_TRACKING
    t+   28.4s  SWITCH_TO_OFFBOARD
    t+   31.4s  SEARCHING
    t+   32.9s  TARGET_TRACKING
    t+   32.9s  SWITCH_TO_OFFBOARD
    t+   35.9s  GOTO_TARGET_CENTERING
    t+   72.2s  HOVER_CONFIRM
    t+   74.3s  GPS_SAVE
    t+   74.3s  SEARCHING
    t+   89.2s  TARGET_TRACKING
    t+   89.2s  SWITCH_TO_OFFBOARD
    t+   89.8s  GOTO_TARGET_CENTERING
    t+  128.2s  HOVER_CONFIRM
    t+  130.3s  GPS_SAVE
    t+  168.2s  SEARCH_COMPLETE
    t+  261.1s  GOREV2_COMPLETE
    t+  261.1s  GOREV3_START
    t+  261.1s  GOREV3_RUNNING
    t+  395.2s  MISSION_FAILED
    t+  395.2s  RETURN_TO_CHECKPOINT
    t+  406.4s  LANDING
    t+  406.4s  MISSION_FAILED

  KILOMETRE TASLARI (30)
    t+    1.0s  MISSION_STARTED  -- mission_id=fc9e0157395e
    t+    1.0s  MISSION_STARTED  -- Gorev 2 starting
    t+    1.9s  CONNECTED  -- connected to udp://:14540
    t+    2.7s  ARMED  -- vehicle armed
    t+   19.3s  CHECKPOINT_SAVED
    t+   19.3s  MISSION_ROUTE_CONFIRMED  -- 3 items already on vehicle (from QGroundControl)
    t+   22.7s  MISSION_CURRENT_ITEM_SET  -- start index 1
    t+   22.7s  MISSION_STARTED_ONBOARD
    t+   31.8s  MISSION_CURRENT_ITEM_SET  -- start index 2
    t+   31.8s  MISSION_STARTED_ONBOARD
    t+   69.1s  CENTERING_CONVERGED  -- KIRMIZI_UCGEN
    t+   79.1s  MISSION_CURRENT_ITEM_SET  -- start index 2
    t+   79.1s  MISSION_STARTED_ONBOARD
    t+  125.2s  CENTERING_CONVERGED  -- MAVI_ALTIGEN
    t+  138.8s  CENTERING_CONVERGED  -- MAVI_ALTIGEN
    t+  146.0s  CENTERING_CONVERGED  -- MAVI_ALTIGEN
    t+  156.7s  PAYLOAD_RELEASE_CONFIRMED  -- MAVI_ALTIGEN
    t+  156.7s  PAYLOAD_RELEASED  -- PAYLOAD 1 RELEASED @0.47m
    t+  168.2s  SEARCH_COMPLETE
    t+  174.5s  CENTERING_CONVERGED  -- MAVI_ALTIGEN
    t+  182.0s  CENTERING_CONVERGED  -- MAVI_ALTIGEN
    t+  192.3s  PAYLOAD_RELEASE_CONFIRMED  -- MAVI_ALTIGEN
    t+  192.3s  PAYLOAD_RELEASED  -- PAYLOAD 2 RELEASED @0.47m
    t+  226.9s  CENTERING_CONVERGED  -- KIRMIZI_UCGEN
    t+  239.5s  CENTERING_CONVERGED  -- KIRMIZI_UCGEN
    t+  254.0s  CENTERING_CONVERGED  -- KIRMIZI_UCGEN
    t+  256.9s  PAYLOAD_RELEASE_CONFIRMED  -- KIRMIZI_UCGEN
    t+  256.9s  PAYLOAD_RELEASED  -- PAYLOAD 3 RELEASED @0.45m
    t+  261.1s  GOREV2_COMPLETE
    t+  285.4s  CENTERING_CONVERGED  -- KIRMIZI_DIKDORTGEN

  SORUNLAR (4 WARNING+)
    t+   31.4s  [CRITICAL] OFFBOARD_SWITCH_FAILED: PX4 did not report OFFBOARD before timeout
    t+  395.2s  [CRITICAL] MISSION_PHASE_CHANGED: GOREV3_RUNNING -> MISSION_FAILED (gorev3_pickup_failed)
    t+  395.2s  [CRITICAL] GOREV3_PHASE_FAILED: pickup
    t+  406.4s  [CRITICAL] MISSION_PHASE_CHANGED: LANDING -> MISSION_FAILED (landed_after_prior_failure)

  SONUC: MISSION_FAILED

===========================================================
[07:17] FAZ 5/5 -- OZET
===========================================================
KURSAD40 V34 -- demo 20260901T091708
plan sirasi: competition_1way
gorev duvar limiti: 900s   dry-run: 0

#    PLAN             YUKLEME    GOREV        SONUC
-------------------------------------------------------------------------
1    competition_1way OK         rc=0         MISSION_FAILED
[07:17] 
[07:17] her plan icin: $REPO_ROOT/.scripts/olds/v34/demo/runs/20260901T091708/<NN>_<plan>/{upload.log,mission.log,summary.txt,mission_*.jsonl}

===========================================================
[07:17] TEARDOWN
===========================================================
[07:17] SITL kapatiliyor
[07:18] artefaktlar: $REPO_ROOT/.scripts/olds/v34/demo/runs/20260901T091708
