
===========================================================
[00:00] FAZ 0/5 -- ON KONTROL
===========================================================
[00:00] python: $VENV_ROOT/bin/python
[00:00]   [OK]   PX4 SITL binary  -- $REPO_ROOT/build/px4_sitl_default/bin/px4
[00:00]   [OK]   gz (Gazebo)  -- /opt/homebrew/bin/gz 8.15.0
[00:01]   [OK]   python: mavsdk
[00:01]   [OK]   python: cv2/zmq/numpy (dashboard)
[00:01]   [OK]   safe_sitl_launcher.sh
[00:01]   [OK]   QGC missions dizini  -- $MISSIONS_DIR
[00:01]   [OK]   plan: competition_1way.plan  -- 3 waypoint
[00:01] on kontrol temiz: 1 plan sirayla kosulacak

===========================================================
[00:01] FAZ 1/5 -- PX4 SITL + GAZEBO
===========================================================
[00:01] safe_sitl_launcher.sh baslatiliyor (log: $REPO_ROOT/.scripts/olds/v34/demo/runs/20260901T120002/sitl.log)
[00:01]   pid=53611

===========================================================
[00:01] FAZ 2/5 -- ARAC HAZIR MI
===========================================================
Connection using udp:// is deprecated, please use udpin:// or udpout:// (cli_arg.cpp:28)
[WAIT] bekleniyor: 1/3 MAVLink heartbeat (kalan 224s)
[WAIT]   -> OK (15.8s)
[WAIT] bekleniyor: 2/3 global+home pozisyon (EKF) (kalan 224s)
[WAIT]   -> OK (16.6s)
[WAIT] bekleniyor: 3/3 is_armable (kalan 223s)
[WAIT]   -> OK (18.6s)
[WAIT] arac ucusa hazir (18.6s)

===========================================================
[00:21] FAZ 3/5 -- MISSION DASHBOARD
===========================================================
[00:21] dashboard KAPALI (--no-dashboard)

===========================================================
[00:21] FAZ 4/5 -- PLANLAR (SIRAYLA)
===========================================================

===========================================================
[00:21] PLAN 1/1 -- competition_1way
===========================================================
[00:21] rota yukleniyor ve dogrulaniyor
[UPLOAD] plan: competition_1way.plan  (3 item, dosyadan okundu)
Connection using udp:// is deprecated, please use udpin:// or udpout:// (cli_arg.cpp:28)
[UPLOAD] baglaniliyor: udp://:14540 (timeout 30s)
[UPLOAD] arac bagli
[UPLOAD] ayristirildi: 3 raw MAVLink item
[UPLOAD] aractaki eski rota silindi
[UPLOAD] yukleme ack alindi
[UPLOAD] geri okundu: 3 item, 0 uyusmazlik
[UPLOAD]   seq=0   cmd=22   lat=47.3977465 lon=8.5461637 alt=15.0
[UPLOAD]   seq=1   cmd=16   lat=47.3977914 lon=8.5461637 alt=15.0
[UPLOAD]   seq=2   cmd=16   lat=47.3990490 lon=8.5461637 alt=15.0
[UPLOAD] DOGRULANDI: aractaki rota .plan ile birebir ayni
[00:22] LAND modu temizligi
Connection using udp:// is deprecated, please use udpin:// or udpout:// (cli_arg.cpp:28)
[LAND-RESET] armable=True mode=HOLD armed=False on_ground=True
[00:26] gorev basliyor (main_gz.py, duvar limiti 900s)
[00:26]   canli log: tail -f $REPO_ROOT/.scripts/olds/v34/demo/runs/20260901T120002/01_competition_1way/mission.log
[03:16] gorev sureci 0 ile bitti
[03:16] olay akisi ozeti (1e22a2cddd2b)
  mission_id : 1e22a2cddd2b
  sure       : 169.4s  (2733 olay)
  kaynak     : $REPO_ROOT/.scripts/olds/v34/demo/runs/20260901T120002/01_competition_1way/mission_1e22a2cddd2b.jsonl

  FAZLAR (28)
    t+    1.0s  CONNECTING
    t+    2.8s  ARMING
    t+    2.8s  TAKEOFF
    t+    2.9s  CLIMB_TO_ALTITUDE
    t+   19.4s  CHECKPOINT_SAVE
    t+   19.4s  MISSION_ROUTE_CONFIRM
    t+   19.4s  MISSION_START
    t+   23.9s  SEARCHING
    t+   35.2s  TARGET_TRACKING
    t+   35.2s  SWITCH_TO_OFFBOARD
    t+   35.8s  GOTO_TARGET_CENTERING
    t+   56.4s  HOVER_CONFIRM
    t+   58.5s  GPS_SAVE
    t+   58.5s  SEARCHING
    t+   73.4s  TARGET_TRACKING
    t+   73.4s  SWITCH_TO_OFFBOARD
    t+   76.4s  SEARCHING
    t+   78.5s  TARGET_TRACKING
    t+   78.5s  SWITCH_TO_OFFBOARD
    t+   83.4s  SEARCHING
    t+   85.3s  TARGET_TRACKING
    t+   85.3s  SWITCH_TO_OFFBOARD
    t+   88.0s  GOTO_TARGET_CENTERING
    t+  147.7s  SEARCHING
    t+  152.8s  MISSION_FAILED
    t+  152.8s  RETURN_TO_CHECKPOINT
    t+  169.3s  LANDING
    t+  169.3s  MISSION_FAILED

  KILOMETRE TASLARI (17)
    t+    1.0s  MISSION_STARTED  -- mission_id=1e22a2cddd2b
    t+    1.0s  MISSION_STARTED  -- Gorev 2 starting
    t+    1.9s  CONNECTED  -- connected to udp://:14540
    t+    2.8s  ARMED  -- vehicle armed
    t+   19.4s  CHECKPOINT_SAVED
    t+   19.4s  MISSION_ROUTE_CONFIRMED  -- 3 items already on vehicle (from QGroundControl)
    t+   22.9s  MISSION_CURRENT_ITEM_SET  -- start index 1
    t+   22.9s  MISSION_STARTED_ONBOARD
    t+   53.4s  CENTERING_CONVERGED  -- KIRMIZI_UCGEN
    t+   63.3s  MISSION_CURRENT_ITEM_SET  -- start index 2
    t+   63.3s  MISSION_STARTED_ONBOARD
    t+   77.4s  MISSION_CURRENT_ITEM_SET  -- start index 2
    t+   77.4s  MISSION_STARTED_ONBOARD
    t+   84.4s  MISSION_CURRENT_ITEM_SET  -- start index 2
    t+   84.4s  MISSION_STARTED_ONBOARD
    t+  148.7s  MISSION_CURRENT_ITEM_SET  -- start index 2
    t+  148.8s  MISSION_STARTED_ONBOARD

  SORUNLAR (6 WARNING+)
    t+   76.4s  [CRITICAL] OFFBOARD_SWITCH_FAILED: PX4 did not report OFFBOARD before timeout
    t+   83.4s  [CRITICAL] OFFBOARD_SWITCH_FAILED: PX4 did not report OFFBOARD before timeout
    t+  147.7s  [CRITICAL] TARGET_SEEN_BUT_NOT_CENTERED: MAVI_ALTIGEN
    t+  152.8s  [CRITICAL] MISSION_FINISHED_UNEXPECTED: flight.is_mission_finished() returned True before both targets were found
    t+  152.8s  [CRITICAL] MISSION_PHASE_CHANGED: SEARCHING -> MISSION_FAILED (search_incomplete_mission_finished)
    t+  169.3s  [CRITICAL] MISSION_PHASE_CHANGED: LANDING -> MISSION_FAILED (landed_after_prior_failure)

  SONUC: MISSION_FAILED

===========================================================
[03:22] FAZ 5/5 -- OZET
===========================================================
KURSAD40 V34 -- demo 20260901T120002
plan sirasi: competition_1way
gorev duvar limiti: 900s   dry-run: 0

#    PLAN             YUKLEME    GOREV        SONUC
-------------------------------------------------------------------------
1    competition_1way OK         rc=0         MISSION_FAILED
[03:22] 
[03:22] her plan icin: $REPO_ROOT/.scripts/olds/v34/demo/runs/20260901T120002/<NN>_<plan>/{upload.log,mission.log,summary.txt,mission_*.jsonl}

===========================================================
[03:22] TEARDOWN
===========================================================
[03:22] SITL kapatiliyor
[03:22] artefaktlar: $REPO_ROOT/.scripts/olds/v34/demo/runs/20260901T120002
