2026-09-01 12:00:28,369 [INFO] gz_system.main_gz: gz-transport env: GZ_PARTITION=kursad40 GZ_IP=127.0.0.1
2026-09-01 12:00:28,371 [INFO] gz_system.gz_camera_source: Gazebo kamera servisi kontrol ediliyor (topic=/world/default/model/x500_mono_cam_down_0/link/camera_link/sensor/camera/image)...
[CAMERA_SERVICE_MANAGER] Starting camera_service.py (topic=/world/default/model/x500_mono_cam_down_0/link/camera_link/sensor/camera/image, zmq=tcp://127.0.0.1:5555)...
[CAMERA_SERVICE_MANAGER] gz-transport env for child: GZ_PARTITION=kursad40 GZ_IP=127.0.0.1QGC port check failed, reporting UNKNOWN: (pid=54034)

[CAMERA_SERVICE_MANAGER] Started (PID: 54058).
[CAMERA_CLIENT] Connecting to ZMQ publisher at tcp://127.0.0.1:5555...2026-09-01 12:00:29,385 [INFO] gz_system.gz_camera_source: Gazebo kamera istemcisi baslatildi.

[CAMERA_CLIENT] Connected. Waiting for frames...
2026-09-01 12:00:29,387 [INFO] gz_system.gz_pose_monitor: Gazebo poz izleyicisi basladi: /world/default/dynamic_pose/info
2026-09-01 12:00:29,387 [INFO] core.detection.detection_publisher: [DETECTION_PUB] tespit yayini acik: tcp://127.0.0.1:5556
2026-09-01 12:00:29,388 [INFO] core.detection.vision_runtime: [VISION] pipeline basladi (mission omru boyunca calisir).
2026-09-01 12:00:29,388 [INFO] core.mission.master_fsm: MASTER MISSION CONTROLLER BASLATILDI
2026-09-01 12:00:29,388 [WARNING] core.detection.vision_runtime: Frame grab loop hatasi (art arda 1. hata, mission etkilenmez): Gazebo kameradan kare okunamadi. Henuz kare alinmadi veya baglanti koptu.
2026-09-01 12:00:29,388 [WARNING] core.detection.vision_runtime: [VISION] detect() basarisiz (art arda 1. hata, mission etkilenmez): Gazebo kameradan kare okunamadi. Henuz kare alinmadi veya baglanti koptu.
2026-09-01 12:00:29,388 [INFO] core.mission.gorev2_orchestrator: GOREV 2 BASLIYOR
2026-09-01 12:00:29,388 [INFO] mavsdk_common.mavsdk_backend_base: Drone'a bağlanılıyor: udp://:14540
Connection using udp:// is deprecated, please use udpin:// or udpout:// (cli_arg.cpp:28)
2026-09-01 12:00:30,259 [INFO] mavsdk_common.mavsdk_backend_base: Drone bağlantısı bekleniyor...
2026-09-01 12:00:30,260 [INFO] mavsdk_common.mavsdk_backend_base: Drone bağlandı!
2026-09-01 12:00:30,269 [INFO] mavsdk_common.mavsdk_backend_base: [TELEMETRY] position rate 10.0 Hz istendi.
2026-09-01 12:00:30,290 [INFO] mavsdk_common.mavsdk_backend_base: [TELEMETRY] position_velocity_ned rate 10.0 Hz istendi.
2026-09-01 12:00:30,309 [INFO] mavsdk_common.mavsdk_backend_base: [TELEMETRY] attitude_euler rate 10.0 Hz istendi.
QGC port check failed, reporting UNKNOWN: (pid=54034)
2026-09-01 12:00:31,171 [INFO] mavsdk_common.mavsdk_backend_base: Drone arm ediliyor...
2026-09-01 12:00:31,194 [INFO] mavsdk_common.mavsdk_backend_base: Kalkış yapılıyor (Hedef: 15.0m)...
QGC port check failed, reporting UNKNOWN: (pid=54034)
2026-09-01 12:00:32,454 [INFO] core.detection.vision_runtime: [VISION] detect() calisiyor -- bu karede 0 tespit: []
2026-09-01 12:00:33,393 [INFO] gz_system.main_gz: Dashboard paint loop: 0.0 FPS (main thread)
QGC port check failed, reporting UNKNOWN: (pid=54034)
2026-09-01 12:00:35,506 [INFO] core.detection.vision_runtime: [VISION] detect() calisiyor -- bu karede 0 tespit: []
QGC port check failed, reporting UNKNOWN: (pid=54034)
QGC port check failed, reporting UNKNOWN: (pid=54034)
2026-09-01 12:00:38,406 [INFO] gz_system.main_gz: Dashboard paint loop: 0.0 FPS (main thread)
2026-09-01 12:00:38,551 [INFO] core.detection.vision_runtime: [VISION] detect() calisiyor -- bu karede 0 tespit: []
QGC port check failed, reporting UNKNOWN: (pid=54034)
2026-09-01 12:00:41,602 [INFO] core.detection.vision_runtime: [VISION] detect() calisiyor -- bu karede 0 tespit: []
QGC port check failed, reporting UNKNOWN: (pid=54034)
2026-09-01 12:00:43,412 [INFO] gz_system.main_gz: Dashboard paint loop: 0.0 FPS (main thread)
QGC port check failed, reporting UNKNOWN: (pid=54034)
2026-09-01 12:00:44,658 [INFO] core.detection.vision_runtime: [VISION] detect() calisiyor -- bu karede 0 tespit: []
QGC port check failed, reporting UNKNOWN: (pid=54034)
2026-09-01 12:00:47,663 [INFO] core.detection.vision_runtime: [VISION] detect() calisiyor -- bu karede 0 tespit: []
2026-09-01 12:00:47,756 [INFO] core.mission.gorev2_orchestrator: Start Checkpoint kaydedildi: (47.3977459, 8.5461637, 14.214000701904297)
2026-09-01 12:00:47,795 [INFO] core.mission.gorev2_orchestrator: [ROUTE_REJOIN] rota ekseni tespit edildi: sabit=lon (lat_span=0.001258, lon_span=0.000000).
2026-09-01 12:00:47,827 [INFO] core.mission.gorev2_orchestrator: [MISSION_START] Rota dogrulandi (3 item): 0:NAV_TAKEOFF, 1:NAV_WAYPOINT, 2:NAV_WAYPOINT
2026-09-01 12:00:47,827 [INFO] core.mission.gorev2_orchestrator: [MISSION_START] Baslangic indeksi: 1
2026-09-01 12:00:47,827 [INFO] core.mission.gorev2_orchestrator: [MISSION_START] 3.0s stabilizasyon bekleniyor...
QGC port check failed, reporting UNKNOWN: (pid=54034)
2026-09-01 12:00:48,435 [INFO] gz_system.main_gz: Dashboard paint loop: 0.0 FPS (main thread)
QGC port check failed, reporting UNKNOWN: (pid=54034)
2026-09-01 12:00:50,739 [INFO] core.detection.vision_runtime: [VISION] detect() calisiyor -- bu karede 0 tespit: []
2026-09-01 12:00:51,291 [INFO] core.mission.gorev2_orchestrator: [MISSION_START] PX4 mevcut gorev ogesi 1 olarak ayarlandi (seq0 NAV_TAKEOFF atlandi -- kalkis zaten yapildi).
2026-09-01 12:00:51,291 [INFO] core.mission.gorev2_orchestrator: [MISSION_START] Yuklu gorev baslatiliyor...
Received ack for not-existing command: 176! Ignoring... (mavlink_command_sender.cpp:304)
2026-09-01 12:00:52,304 [INFO] core.mission.gorev2_orchestrator: [MISSION_START] PX4 MISSION moduna gecti -- arama fazi basliyor.
QGC port check failed, reporting UNKNOWN: (pid=54034)
2026-09-01 12:00:53,456 [INFO] gz_system.main_gz: Dashboard paint loop: 0.0 FPS (main thread)
2026-09-01 12:00:53,835 [INFO] core.detection.vision_runtime: [VISION] detect() calisiyor -- bu karede 0 tespit: []
QGC port check failed, reporting UNKNOWN: (pid=54034)
QGC port check failed, reporting UNKNOWN: (pid=54034)
2026-09-01 12:00:56,944 [INFO] core.detection.vision_runtime: [VISION] detect() calisiyor -- bu karede 0 tespit: []
QGC port check failed, reporting UNKNOWN: (pid=54161)
2026-09-01 12:00:58,473 [INFO] gz_system.main_gz: Dashboard paint loop: 0.0 FPS (main thread)
2026-09-01 12:00:59,967 [INFO] core.detection.vision_runtime: [VISION] detect() calisiyor -- bu karede 0 tespit: []
QGC port check failed, reporting UNKNOWN: (pid=54161)
QGC port check failed, reporting UNKNOWN: (pid=54161)
2026-09-01 12:01:03,075 [INFO] core.detection.vision_runtime: [VISION] detect() calisiyor -- bu karede 1 tespit: ['KIRMIZI_UCGEN']
2026-09-01 12:01:03,475 [INFO] gz_system.main_gz: Dashboard paint loop: 0.0 FPS (main thread)
2026-09-01 12:01:03,525 [INFO] core.navigation.centering_controller: Mission modu durduruluyor, Offboard'a geciliyor...
2026-09-01 12:01:03,525 [INFO] mavsdk_common.mavsdk_backend_base: Mission'dan Offboard'a geçiş yapılıyor...
Received ack for not-existing command: 176! Ignoring... (mavlink_command_sender.cpp:304)
2026-09-01 12:01:03,544 [INFO] mavsdk_common.mavsdk_backend_base: Offboard başlatılıyor...
Received ack for not-existing command: 176! Ignoring... (mavlink_command_sender.cpp:304)
2026-09-01 12:01:04,159 [INFO] core.mission.gorev2_orchestrator: KIRMIZI_UCGEN kucuk bir hedef -- merkezleme icin 8.0 m'ye alcaliniyor.
2026-09-01 12:01:04,159 [INFO] core.navigation.centering_controller: KIRMIZI_UCGEN hedefine merkezleniyor (irtifa hedefi: 8.0m, irtifa bandi +/-0.30m)...
2026-09-01 12:01:04,159 [WARNING] core.navigation.centering_controller: [CENTERING] KIRMIZI_UCGEN 1/200 hedef kayboldu (feed canli, hedef bu karede yok)
2026-09-01 12:01:04,265 [INFO] core.detection.camera_intrinsics: [CAMERA] intrinsics: hfov=1.7400 rad (99.7 deg) 1280x960 -> f=539.9 px (kaynak: ../../../Tools/simulation/gz/models/mono_cam/model.sdf)
QGC port check failed, reporting UNKNOWN: (pid=54161)
2026-09-01 12:01:04,679 [INFO] core.navigation.centering_controller: [CENTERING] KIRMIZI_UCGEN 6/200 dx=-199px dy=-6px d=5.5m ex=-0.3109 ey=-0.0125 (tol +/-0.010) alt_err=+7.00m -> fwd=+0.00 right=-0.47 down=+0.75 m/s
2026-09-01 12:01:05,254 [INFO] core.navigation.centering_controller: [CENTERING] KIRMIZI_UCGEN 11/200 dx=-208px dy=-132px d=6.6m ex=-0.3250 ey=-0.2750 (tol +/-0.010) alt_err=+6.53m -> fwd=+0.41 right=-0.49 down=+1.50 m/s
2026-09-01 12:01:05,829 [INFO] core.navigation.centering_controller: [CENTERING] KIRMIZI_UCGEN 16/200 dx=-196px dy=-166px d=6.5m ex=-0.3063 ey=-0.3458 (tol +/-0.010) alt_err=+5.62m -> fwd=+0.52 right=-0.46 down=+2.25 m/s
2026-09-01 12:01:06,188 [INFO] core.detection.vision_runtime: [VISION] detect() calisiyor -- bu karede 2 tespit: ['KIRMIZI_UCGEN', 'KIRMIZI_DIKDORTGEN']
2026-09-01 12:01:06,424 [INFO] core.navigation.centering_controller: [CENTERING] KIRMIZI_UCGEN 21/200 dx=-192px dy=-153px d=5.8m ex=-0.3000 ey=-0.3187 (tol +/-0.010) alt_err=+4.69m -> fwd=+0.48 right=-0.45 down=+2.35 m/s
QGC port check failed, reporting UNKNOWN: (pid=54161)
2026-09-01 12:01:07,001 [INFO] core.navigation.centering_controller: [CENTERING] KIRMIZI_UCGEN 26/200 dx=-197px dy=-146px d=5.3m ex=-0.3078 ey=-0.3042 (tol +/-0.010) alt_err=+3.76m -> fwd=+0.46 right=-0.46 down=+1.89 m/s
2026-09-01 12:01:07,571 [INFO] core.navigation.centering_controller: [CENTERING] KIRMIZI_UCGEN 31/200 dx=-202px dy=-148px d=5.1m ex=-0.3156 ey=-0.3083 (tol +/-0.010) alt_err=+2.99m -> fwd=+0.46 right=-0.47 down=+1.49 m/s
2026-09-01 12:01:08,141 [INFO] core.navigation.centering_controller: [CENTERING] KIRMIZI_UCGEN 36/200 dx=-203px dy=-151px d=4.7m ex=-0.3172 ey=-0.3146 (tol +/-0.010) alt_err=+2.12m -> fwd=+0.47 right=-0.48 down=+1.06 m/s
QGC port check failed, reporting UNKNOWN: (pid=54161)
2026-09-01 12:01:08,495 [INFO] gz_system.main_gz: Dashboard paint loop: 0.0 FPS (main thread)
2026-09-01 12:01:08,721 [INFO] core.navigation.centering_controller: [CENTERING] KIRMIZI_UCGEN 41/200 dx=-197px dy=-149px d=4.4m ex=-0.3078 ey=-0.3104 (tol +/-0.010) alt_err=+1.51m -> fwd=+0.47 right=-0.46 down=+0.76 m/s
2026-09-01 12:01:09,287 [INFO] core.detection.vision_runtime: [VISION] detect() calisiyor -- bu karede 1 tespit: ['KIRMIZI_UCGEN']
2026-09-01 12:01:09,289 [INFO] core.navigation.centering_controller: [CENTERING] KIRMIZI_UCGEN 46/200 dx=-188px dy=-145px d=4.0m ex=-0.2938 ey=-0.3021 (tol +/-0.010) alt_err=+1.15m -> fwd=+0.45 right=-0.44 down=+0.58 m/s
2026-09-01 12:01:09,857 [INFO] core.navigation.centering_controller: [CENTERING] KIRMIZI_UCGEN 51/200 dx=-175px dy=-140px d=3.7m ex=-0.2734 ey=-0.2917 (tol +/-0.010) alt_err=+0.83m -> fwd=+0.44 right=-0.41 down=+0.42 m/s
2026-09-01 12:01:10,431 [INFO] core.navigation.centering_controller: [CENTERING] KIRMIZI_UCGEN 56/200 dx=-164px dy=-134px d=3.4m ex=-0.2562 ey=-0.2792 (tol +/-0.010) alt_err=+0.61m -> fwd=+0.42 right=-0.38 down=+0.30 m/s
QGC port check failed, reporting UNKNOWN: (pid=54189)
2026-09-01 12:01:10,998 [INFO] core.navigation.centering_controller: [CENTERING] KIRMIZI_UCGEN 61/200 dx=-151px dy=-126px d=3.1m ex=-0.2359 ey=-0.2625 (tol +/-0.010) alt_err=+0.45m -> fwd=+0.39 right=-0.35 down=+0.22 m/s
2026-09-01 12:01:11,568 [INFO] core.navigation.centering_controller: [CENTERING] KIRMIZI_UCGEN 66/200 dx=-136px dy=-116px d=2.8m ex=-0.2125 ey=-0.2417 (tol +/-0.010) alt_err=+0.34m -> fwd=+0.36 right=-0.32 down=+0.17 m/s
2026-09-01 12:01:12,132 [INFO] core.navigation.centering_controller: [CENTERING] KIRMIZI_UCGEN 71/200 dx=-123px dy=-107px d=2.5m ex=-0.1922 ey=-0.2229 (tol +/-0.010) alt_err=+0.25m -> fwd=+0.33 right=-0.29 down=+0.12 m/s
2026-09-01 12:01:12,356 [INFO] core.detection.vision_runtime: [VISION] detect() calisiyor -- bu karede 1 tespit: ['KIRMIZI_UCGEN']
QGC port check failed, reporting UNKNOWN: (pid=54189)
2026-09-01 12:01:12,695 [INFO] core.navigation.centering_controller: [CENTERING] KIRMIZI_UCGEN 76/200 dx=-112px dy=-98px d=2.3m ex=-0.1750 ey=-0.2042 (tol +/-0.010) alt_err=+0.17m -> fwd=+0.31 right=-0.26 down=+0.09 m/s
2026-09-01 12:01:13,260 [INFO] core.navigation.centering_controller: [CENTERING] KIRMIZI_UCGEN 81/200 dx=-100px dy=-89px d=2.0m ex=-0.1562 ey=-0.1854 (tol +/-0.010) alt_err=+0.13m -> fwd=+0.28 right=-0.23 down=+0.07 m/s
2026-09-01 12:01:13,511 [INFO] gz_system.main_gz: Dashboard paint loop: 0.0 FPS (main thread)
2026-09-01 12:01:13,825 [INFO] core.navigation.centering_controller: [CENTERING] KIRMIZI_UCGEN 86/200 dx=-93px dy=-81px d=1.9m ex=-0.1453 ey=-0.1688 (tol +/-0.010) alt_err=+0.10m -> fwd=+0.25 right=-0.22 down=+0.05 m/s
2026-09-01 12:01:14,390 [INFO] core.navigation.centering_controller: [CENTERING] KIRMIZI_UCGEN 91/200 dx=-84px dy=-74px d=1.7m ex=-0.1313 ey=-0.1542 (tol +/-0.010) alt_err=+0.07m -> fwd=+0.23 right=-0.20 down=+0.04 m/s
QGC port check failed, reporting UNKNOWN: (pid=54189)
2026-09-01 12:01:14,958 [INFO] core.navigation.centering_controller: [CENTERING] KIRMIZI_UCGEN 96/200 dx=-78px dy=-67px d=1.5m ex=-0.1219 ey=-0.1396 (tol +/-0.010) alt_err=+0.05m -> fwd=+0.21 right=-0.18 down=+0.03 m/s
2026-09-01 12:01:15,406 [INFO] core.detection.vision_runtime: [VISION] detect() calisiyor -- bu karede 1 tespit: ['KIRMIZI_UCGEN']
2026-09-01 12:01:15,523 [INFO] core.navigation.centering_controller: [CENTERING] KIRMIZI_UCGEN 101/200 dx=-70px dy=-59px d=1.4m ex=-0.1094 ey=-0.1229 (tol +/-0.010) alt_err=+0.04m -> fwd=+0.18 right=-0.16 down=+0.02 m/s
2026-09-01 12:01:16,092 [INFO] core.navigation.centering_controller: [CENTERING] KIRMIZI_UCGEN 106/200 dx=-63px dy=-53px d=1.2m ex=-0.0984 ey=-0.1104 (tol +/-0.010) alt_err=+0.02m -> fwd=+0.17 right=-0.15 down=+0.01 m/s
QGC port check failed, reporting UNKNOWN: (pid=54189)
2026-09-01 12:01:16,660 [INFO] core.navigation.centering_controller: [CENTERING] KIRMIZI_UCGEN 111/200 dx=-57px dy=-48px d=1.1m ex=-0.0891 ey=-0.1000 (tol +/-0.010) alt_err=+0.01m -> fwd=+0.15 right=-0.15 down=+0.00 m/s
2026-09-01 12:01:17,227 [INFO] core.navigation.centering_controller: [CENTERING] KIRMIZI_UCGEN 116/200 dx=-52px dy=-44px d=1.0m ex=-0.0813 ey=-0.0917 (tol +/-0.010) alt_err=-0.00m -> fwd=+0.15 right=-0.15 down=-0.00 m/s
2026-09-01 12:01:17,793 [INFO] core.navigation.centering_controller: [CENTERING] KIRMIZI_UCGEN 121/200 dx=-46px dy=-39px d=0.9m ex=-0.0719 ey=-0.0813 (tol +/-0.010) alt_err=-0.01m -> fwd=+0.15 right=-0.15 down=-0.00 m/s
2026-09-01 12:01:18,352 [INFO] core.navigation.centering_controller: [CENTERING] KIRMIZI_UCGEN 126/200 dx=-39px dy=-35px d=0.8m ex=-0.0609 ey=-0.0729 (tol +/-0.010) alt_err=-0.01m -> fwd=+0.15 right=-0.15 down=-0.00 m/s
2026-09-01 12:01:18,463 [INFO] core.detection.vision_runtime: [VISION] detect() calisiyor -- bu karede 1 tespit: ['KIRMIZI_UCGEN']
QGC port check failed, reporting UNKNOWN: (pid=54189)
2026-09-01 12:01:18,542 [INFO] gz_system.main_gz: Dashboard paint loop: 0.0 FPS (main thread)
2026-09-01 12:01:18,920 [INFO] core.navigation.centering_controller: [CENTERING] KIRMIZI_UCGEN 131/200 dx=-36px dy=-30px d=0.7m ex=-0.0563 ey=-0.0625 (tol +/-0.010) alt_err=-0.01m -> fwd=+0.15 right=-0.15 down=-0.01 m/s
2026-09-01 12:01:19,488 [INFO] core.navigation.centering_controller: [CENTERING] KIRMIZI_UCGEN 136/200 dx=-30px dy=-25px d=0.6m ex=-0.0469 ey=-0.0521 (tol +/-0.010) alt_err=-0.02m -> fwd=+0.15 right=-0.15 down=-0.01 m/s
2026-09-01 12:01:20,054 [INFO] core.navigation.centering_controller: [CENTERING] KIRMIZI_UCGEN 141/200 dx=-22px dy=-19px d=0.4m ex=-0.0344 ey=-0.0396 (tol +/-0.010) alt_err=-0.02m -> fwd=+0.15 right=-0.15 down=-0.01 m/s
QGC port check failed, reporting UNKNOWN: (pid=54189)
2026-09-01 12:01:20,620 [INFO] core.navigation.centering_controller: [CENTERING] KIRMIZI_UCGEN 146/200 dx=-18px dy=-15px d=0.3m ex=-0.0281 ey=-0.0312 (tol +/-0.010) alt_err=-0.02m -> fwd=+0.15 right=-0.15 down=-0.01 m/s
2026-09-01 12:01:21,185 [INFO] core.navigation.centering_controller: [CENTERING] KIRMIZI_UCGEN 151/200 dx=-12px dy=-9px d=0.2m ex=-0.0187 ey=-0.0187 (tol +/-0.010) alt_err=-0.01m -> fwd=+0.15 right=-0.15 down=-0.00 m/s
2026-09-01 12:01:21,524 [INFO] core.detection.vision_runtime: [VISION] detect() calisiyor -- bu karede 1 tespit: ['KIRMIZI_UCGEN']
2026-09-01 12:01:21,753 [INFO] core.navigation.centering_controller: Merkezleme tamamlandi. (attempt 156/200, dx=-6px dy=-4px ex=-0.0094 ey=-0.0083 alt_err=-0.01m)
QGC port check failed, reporting UNKNOWN: (pid=54226)
2026-09-01 12:01:23,560 [INFO] gz_system.main_gz: Dashboard paint loop: 0.0 FPS (main thread)
QGC port check failed, reporting UNKNOWN: (pid=54226)
2026-09-01 12:01:24,587 [INFO] core.detection.vision_runtime: [VISION] detect() calisiyor -- bu karede 1 tespit: ['KIRMIZI_UCGEN']
2026-09-01 12:01:24,814 [INFO] core.mission.gorev2_orchestrator: [POST_LOCK_DRIFT] KIRMIZI_UCGEN 3s: peak=22.7px final=9.4px (62.96cm / 26.2cm), 27 ornek, 0 kayip
2026-09-01 12:01:24,814 [INFO] core.navigation.centering_controller: 2.0 saniye hover yapiliyor (Konum dogrulama)...
QGC port check failed, reporting UNKNOWN: (pid=54226)
2026-09-01 12:01:26,860 [INFO] core.position_log.position_store: Konum basariyla kaydedildi: KIRMIZI_UCGEN (ilk)
2026-09-01 12:01:26,860 [INFO] core.mission.gorev2_orchestrator: Kirmizi Ucgen ortalandi ama payload 1 henuz birakilmadi -- interlock geregi yerinde birakma atlaniyor; toplu birakmada dogru sirada yapilacak.
2026-09-01 12:01:26,861 [INFO] core.mission.gorev2_orchestrator: [ROUTE_REJOIN] rota hattina donuluyor (sabit eksen=lon): hedef lat=47.3982994 lon=8.5461635 (mevcut lat=47.3982994 lon=8.5460971).
2026-09-01 12:01:26,861 [INFO] core.navigation.centering_controller: Kayitli GPS konumuna gidiliyor: lat=47.3982994, lon=8.5461635, alt=15.0m
2026-09-01 12:01:27,661 [INFO] core.detection.vision_runtime: [VISION] detect() calisiyor -- bu karede 2 tespit: ['KIRMIZI_UCGEN', 'KIRMIZI_DIKDORTGEN']
QGC port check failed, reporting UNKNOWN: (pid=54226)
2026-09-01 12:01:28,585 [INFO] gz_system.main_gz: Dashboard paint loop: 0.0 FPS (main thread)
QGC port check failed, reporting UNKNOWN: (pid=54226)
2026-09-01 12:01:30,757 [INFO] core.detection.vision_runtime: [VISION] detect() calisiyor -- bu karede 2 tespit: ['KIRMIZI_UCGEN', 'KIRMIZI_DIKDORTGEN']
2026-09-01 12:01:31,460 [INFO] mavsdk_common.mavsdk_backend_base: Offboard durduruluyor...
Received ack for not-existing command: 176! Ignoring... (mavlink_command_sender.cpp:304)
2026-09-01 12:01:31,654 [INFO] core.mission.gorev2_orchestrator: [MISSION_RESUME] rota 2. ogeden devam ettiriliyor.
Received ack for not-existing command: 176! Ignoring... (mavlink_command_sender.cpp:304)
QGC port check failed, reporting UNKNOWN: (pid=54226)
2026-09-01 12:01:33,618 [INFO] gz_system.main_gz: Dashboard paint loop: 0.0 FPS (main thread)
2026-09-01 12:01:33,765 [INFO] core.detection.vision_runtime: [VISION] detect() calisiyor -- bu karede 2 tespit: ['KIRMIZI_UCGEN', 'KIRMIZI_DIKDORTGEN']
QGC port check failed, reporting UNKNOWN: (pid=54226)
QGC port check failed, reporting UNKNOWN: (pid=54226)
2026-09-01 12:01:36,856 [INFO] core.detection.vision_runtime: [VISION] detect() calisiyor -- bu karede 1 tespit: ['KIRMIZI_DIKDORTGEN']
QGC port check failed, reporting UNKNOWN: (pid=54226)
2026-09-01 12:01:38,655 [INFO] gz_system.main_gz: Dashboard paint loop: 0.0 FPS (main thread)
2026-09-01 12:01:39,874 [INFO] core.detection.vision_runtime: [VISION] detect() calisiyor -- bu karede 0 tespit: []
QGC port check failed, reporting UNKNOWN: (pid=54226)
2026-09-01 12:01:41,751 [INFO] core.navigation.centering_controller: Mission modu durduruluyor, Offboard'a geciliyor...
2026-09-01 12:01:41,751 [INFO] mavsdk_common.mavsdk_backend_base: Mission'dan Offboard'a geçiş yapılıyor...
2026-09-01 12:01:41,776 [INFO] mavsdk_common.mavsdk_backend_base: Offboard başlatılıyor...
QGC port check failed, reporting UNKNOWN: (pid=54226)
2026-09-01 12:01:42,875 [INFO] core.detection.vision_runtime: [VISION] detect() calisiyor -- bu karede 2 tespit: ['MAVI_ALTIGEN', 'MAVI_DIKDORTGEN']
2026-09-01 12:01:43,667 [INFO] gz_system.main_gz: Dashboard paint loop: 0.0 FPS (main thread)
QGC port check failed, reporting UNKNOWN: (pid=54226)
2026-09-01 12:01:44,807 [ERROR] core.navigation.centering_controller: PX4 OFFBOARD modunu onaylamadi (timeout).
2026-09-01 12:01:44,808 [INFO] core.mission.gorev2_orchestrator: [ROUTE_REJOIN] rota hattina donuluyor (sabit eksen=lon): hedef lat=47.3987493 lon=8.5461629 (mevcut lat=47.3987493 lon=8.5461637).
2026-09-01 12:01:44,808 [INFO] core.navigation.centering_controller: Kayitli GPS konumuna gidiliyor: lat=47.3987493, lon=8.546162899999999, alt=15.0m
2026-09-01 12:01:44,809 [INFO] mavsdk_common.mavsdk_backend_base: Offboard durduruluyor...
Received ack for not-existing command: 176! Ignoring... (mavlink_command_sender.cpp:304)
2026-09-01 12:01:45,735 [INFO] core.mission.gorev2_orchestrator: [MISSION_RESUME] rota 2. ogeden devam ettiriliyor.
Received ack for not-existing command: 176! Ignoring... (mavlink_command_sender.cpp:304)
2026-09-01 12:01:45,943 [INFO] core.detection.vision_runtime: [VISION] detect() calisiyor -- bu karede 2 tespit: ['MAVI_ALTIGEN', 'MAVI_DIKDORTGEN']
QGC port check failed, reporting UNKNOWN: (pid=54226)
2026-09-01 12:01:46,861 [INFO] core.mission.gorev2_orchestrator: [OFFBOARD] resume sonrasi 1.9s oturma payi bekleniyor.
QGC port check failed, reporting UNKNOWN: (pid=54226)
2026-09-01 12:01:48,672 [INFO] gz_system.main_gz: Dashboard paint loop: 0.0 FPS (main thread)
2026-09-01 12:01:48,750 [INFO] core.navigation.centering_controller: Mission modu durduruluyor, Offboard'a geciliyor...
2026-09-01 12:01:48,750 [INFO] mavsdk_common.mavsdk_backend_base: Mission'dan Offboard'a geçiş yapılıyor...
2026-09-01 12:01:48,762 [INFO] mavsdk_common.mavsdk_backend_base: Offboard başlatılıyor...
2026-09-01 12:01:49,031 [INFO] core.detection.vision_runtime: [VISION] detect() calisiyor -- bu karede 2 tespit: ['MAVI_ALTIGEN', 'MAVI_DIKDORTGEN']
QGC port check failed, reporting UNKNOWN: (pid=54226)
2026-09-01 12:01:51,786 [ERROR] core.navigation.centering_controller: PX4 OFFBOARD modunu onaylamadi (timeout).
2026-09-01 12:01:51,787 [INFO] core.mission.gorev2_orchestrator: [ROUTE_REJOIN] rota hattina donuluyor (sabit eksen=lon): hedef lat=47.3988899 lon=8.5461627 (mevcut lat=47.3988899 lon=8.5461633).
2026-09-01 12:01:51,787 [INFO] core.navigation.centering_controller: Kayitli GPS konumuna gidiliyor: lat=47.3988899, lon=8.5461627, alt=15.0m
2026-09-01 12:01:52,053 [INFO] core.detection.vision_runtime: [VISION] detect() calisiyor -- bu karede 1 tespit: ['MAVI_DIKDORTGEN']
QGC port check failed, reporting UNKNOWN: (pid=54226)
2026-09-01 12:01:52,619 [INFO] mavsdk_common.mavsdk_backend_base: Offboard durduruluyor...
Received ack for not-existing command: 176! Ignoring... (mavlink_command_sender.cpp:304)
2026-09-01 12:01:52,634 [INFO] core.mission.gorev2_orchestrator: [MISSION_RESUME] PX4'e nefes payi: 0.1s bekleniyor (min aralik 6s).
2026-09-01 12:01:52,805 [INFO] core.mission.gorev2_orchestrator: [MISSION_RESUME] rota 2. ogeden devam ettiriliyor.
Received ack for not-existing command: 176! Ignoring... (mavlink_command_sender.cpp:304)
2026-09-01 12:01:53,639 [INFO] core.mission.gorev2_orchestrator: [OFFBOARD] resume sonrasi 1.7s oturma payi bekleniyor.
2026-09-01 12:01:53,681 [INFO] gz_system.main_gz: Dashboard paint loop: 0.0 FPS (main thread)
QGC port check failed, reporting UNKNOWN: (pid=54226)
2026-09-01 12:01:55,118 [INFO] core.detection.vision_runtime: [VISION] detect() calisiyor -- bu karede 1 tespit: ['MAVI_DIKDORTGEN']
2026-09-01 12:01:55,317 [INFO] core.navigation.centering_controller: Mission modu durduruluyor, Offboard'a geciliyor...
2026-09-01 12:01:55,317 [INFO] mavsdk_common.mavsdk_backend_base: Mission'dan Offboard'a geçiş yapılıyor...
Received ack for not-existing command: 176! Ignoring... (mavlink_command_sender.cpp:304)
2026-09-01 12:01:55,344 [INFO] mavsdk_common.mavsdk_backend_base: Offboard başlatılıyor...
Received ack for not-existing command: 176! Ignoring... (mavlink_command_sender.cpp:304)
2026-09-01 12:01:56,366 [INFO] core.navigation.centering_controller: MAVI_ALTIGEN hedefine merkezleniyor (irtifa hedefi: 15.0m, irtifa bandi +/-0.30m)...
2026-09-01 12:01:56,366 [WARNING] core.navigation.centering_controller: [CENTERING] MAVI_ALTIGEN 1/150 hedef kayboldu (feed canli, hedef bu karede yok)
QGC port check failed, reporting UNKNOWN: (pid=54226)
2026-09-01 12:01:56,887 [WARNING] core.navigation.centering_controller: [CENTERING] MAVI_ALTIGEN 6/150 hedef kayboldu (feed canli, hedef bu karede yok)
2026-09-01 12:01:57,442 [WARNING] core.navigation.centering_controller: [CENTERING] MAVI_ALTIGEN 11/150 hedef kayboldu (feed canli, hedef bu karede yok)
2026-09-01 12:01:57,999 [WARNING] core.navigation.centering_controller: [CENTERING] MAVI_ALTIGEN 16/150 hedef kayboldu (feed canli, hedef bu karede yok)
2026-09-01 12:01:58,223 [INFO] core.detection.vision_runtime: [VISION] detect() calisiyor -- bu karede 0 tespit: []
2026-09-01 12:01:58,554 [WARNING] core.navigation.centering_controller: [CENTERING] MAVI_ALTIGEN 21/150 hedef kayboldu (feed canli, hedef bu karede yok)
QGC port check failed, reporting UNKNOWN: (pid=54226)
2026-09-01 12:01:58,690 [INFO] gz_system.main_gz: Dashboard paint loop: 0.0 FPS (main thread)
2026-09-01 12:01:59,106 [WARNING] core.navigation.centering_controller: [CENTERING] MAVI_ALTIGEN 26/150 hedef kayboldu (feed canli, hedef bu karede yok)
2026-09-01 12:01:59,659 [WARNING] core.navigation.centering_controller: [CENTERING] MAVI_ALTIGEN 31/150 hedef kayboldu (feed canli, hedef bu karede yok)
2026-09-01 12:02:00,208 [WARNING] core.navigation.centering_controller: [CENTERING] MAVI_ALTIGEN 36/150 hedef kayboldu (feed canli, hedef bu karede yok)
QGC port check failed, reporting UNKNOWN: (pid=54226)
2026-09-01 12:02:00,768 [WARNING] core.navigation.centering_controller: [CENTERING] MAVI_ALTIGEN 41/150 hedef kayboldu (feed canli, hedef bu karede yok)
2026-09-01 12:02:01,322 [INFO] core.detection.vision_runtime: [VISION] detect() calisiyor -- bu karede 0 tespit: []
2026-09-01 12:02:01,322 [WARNING] core.navigation.centering_controller: [CENTERING] MAVI_ALTIGEN 46/150 hedef kayboldu (feed canli, hedef bu karede yok)
2026-09-01 12:02:01,877 [WARNING] core.navigation.centering_controller: [CENTERING] MAVI_ALTIGEN 51/150 hedef kayboldu (feed canli, hedef bu karede yok)
2026-09-01 12:02:02,431 [WARNING] core.navigation.centering_controller: [CENTERING] MAVI_ALTIGEN 56/150 hedef kayboldu (feed canli, hedef bu karede yok)
QGC port check failed, reporting UNKNOWN: (pid=54226)
2026-09-01 12:02:02,983 [WARNING] core.navigation.centering_controller: [CENTERING] MAVI_ALTIGEN 61/150 hedef kayboldu (feed canli, hedef bu karede yok)
2026-09-01 12:02:03,533 [WARNING] core.navigation.centering_controller: [CENTERING] MAVI_ALTIGEN 66/150 hedef kayboldu (feed canli, hedef bu karede yok)
2026-09-01 12:02:03,718 [INFO] gz_system.main_gz: Dashboard paint loop: 0.0 FPS (main thread)
2026-09-01 12:02:04,084 [WARNING] core.navigation.centering_controller: [CENTERING] MAVI_ALTIGEN 71/150 hedef kayboldu (feed canli, hedef bu karede yok)
2026-09-01 12:02:04,412 [INFO] core.detection.vision_runtime: [VISION] detect() calisiyor -- bu karede 0 tespit: []
QGC port check failed, reporting UNKNOWN: (pid=54226)
2026-09-01 12:02:04,632 [WARNING] core.navigation.centering_controller: [CENTERING] MAVI_ALTIGEN 76/150 hedef kayboldu (feed canli, hedef bu karede yok)
2026-09-01 12:02:05,183 [WARNING] core.navigation.centering_controller: [CENTERING] MAVI_ALTIGEN 81/150 hedef kayboldu (feed canli, hedef bu karede yok)
2026-09-01 12:02:05,731 [WARNING] core.navigation.centering_controller: [CENTERING] MAVI_ALTIGEN 86/150 hedef kayboldu (feed canli, hedef bu karede yok)
2026-09-01 12:02:06,280 [WARNING] core.navigation.centering_controller: [CENTERING] MAVI_ALTIGEN 91/150 hedef kayboldu (feed canli, hedef bu karede yok)
QGC port check failed, reporting UNKNOWN: (pid=54226)
2026-09-01 12:02:06,828 [WARNING] core.navigation.centering_controller: [CENTERING] MAVI_ALTIGEN 96/150 hedef kayboldu (feed canli, hedef bu karede yok)
2026-09-01 12:02:07,376 [WARNING] core.navigation.centering_controller: [CENTERING] MAVI_ALTIGEN 101/150 hedef kayboldu (feed canli, hedef bu karede yok)
2026-09-01 12:02:07,485 [INFO] core.detection.vision_runtime: [VISION] detect() calisiyor -- bu karede 0 tespit: []
2026-09-01 12:02:07,923 [WARNING] core.navigation.centering_controller: [CENTERING] MAVI_ALTIGEN 106/150 hedef kayboldu (feed canli, hedef bu karede yok)
2026-09-01 12:02:08,470 [WARNING] core.navigation.centering_controller: [CENTERING] MAVI_ALTIGEN 111/150 hedef kayboldu (feed canli, hedef bu karede yok)
QGC port check failed, reporting UNKNOWN: (pid=54226)
2026-09-01 12:02:08,748 [INFO] gz_system.main_gz: Dashboard paint loop: 0.0 FPS (main thread)
2026-09-01 12:02:09,019 [WARNING] core.navigation.centering_controller: [CENTERING] MAVI_ALTIGEN 116/150 hedef kayboldu (feed canli, hedef bu karede yok)
2026-09-01 12:02:09,566 [WARNING] core.navigation.centering_controller: [CENTERING] MAVI_ALTIGEN 121/150 hedef kayboldu (feed canli, hedef bu karede yok)
2026-09-01 12:02:10,113 [WARNING] core.navigation.centering_controller: [CENTERING] MAVI_ALTIGEN 126/150 hedef kayboldu (feed canli, hedef bu karede yok)
2026-09-01 12:02:10,552 [INFO] core.detection.vision_runtime: [VISION] detect() calisiyor -- bu karede 0 tespit: []
QGC port check failed, reporting UNKNOWN: (pid=54226)
2026-09-01 12:02:10,661 [WARNING] core.navigation.centering_controller: [CENTERING] MAVI_ALTIGEN 131/150 hedef kayboldu (feed canli, hedef bu karede yok)
2026-09-01 12:02:11,212 [WARNING] core.navigation.centering_controller: [CENTERING] MAVI_ALTIGEN 136/150 hedef kayboldu (feed canli, hedef bu karede yok)
2026-09-01 12:02:11,763 [WARNING] core.navigation.centering_controller: [CENTERING] MAVI_ALTIGEN 141/150 hedef kayboldu (feed canli, hedef bu karede yok)
2026-09-01 12:02:12,314 [WARNING] core.navigation.centering_controller: [CENTERING] MAVI_ALTIGEN 146/150 hedef kayboldu (feed canli, hedef bu karede yok)
QGC port check failed, reporting UNKNOWN: (pid=54226)
2026-09-01 12:02:12,870 [ERROR] core.navigation.centering_controller: Merkezleme zaman asimina ugradi! (150 deneme / 15.0s butcesi doldu)
2026-09-01 12:02:12,870 [WARNING] core.mission.gorev2_orchestrator: [RETRY_IN_PLACE] MAVI_ALTIGEN 1/3 merkezlenemedi -- 5s yerinde beklenip tekrar denenecek (hedef su an karede yok).
2026-09-01 12:02:13,639 [INFO] core.detection.vision_runtime: [VISION] detect() calisiyor -- bu karede 0 tespit: []
2026-09-01 12:02:13,755 [INFO] gz_system.main_gz: Dashboard paint loop: 0.0 FPS (main thread)
QGC port check failed, reporting UNKNOWN: (pid=54226)
QGC port check failed, reporting UNKNOWN: (pid=54226)
2026-09-01 12:02:16,712 [INFO] core.detection.vision_runtime: [VISION] detect() calisiyor -- bu karede 0 tespit: []
2026-09-01 12:02:17,917 [INFO] core.navigation.centering_controller: MAVI_ALTIGEN hedefine merkezleniyor (irtifa hedefi: 15.0m, irtifa bandi +/-0.30m)...
2026-09-01 12:02:17,917 [WARNING] core.navigation.centering_controller: [CENTERING] MAVI_ALTIGEN 1/150 hedef kayboldu (feed canli, hedef bu karede yok)
2026-09-01 12:02:18,471 [WARNING] core.navigation.centering_controller: [CENTERING] MAVI_ALTIGEN 6/150 hedef kayboldu (feed canli, hedef bu karede yok)
QGC port check failed, reporting UNKNOWN: (pid=54226)
2026-09-01 12:02:18,778 [INFO] gz_system.main_gz: Dashboard paint loop: 0.0 FPS (main thread)
2026-09-01 12:02:19,026 [WARNING] core.navigation.centering_controller: [CENTERING] MAVI_ALTIGEN 11/150 hedef kayboldu (feed canli, hedef bu karede yok)
2026-09-01 12:02:19,580 [WARNING] core.navigation.centering_controller: [CENTERING] MAVI_ALTIGEN 16/150 hedef kayboldu (feed canli, hedef bu karede yok)
2026-09-01 12:02:19,801 [INFO] core.detection.vision_runtime: [VISION] detect() calisiyor -- bu karede 0 tespit: []
2026-09-01 12:02:20,133 [WARNING] core.navigation.centering_controller: [CENTERING] MAVI_ALTIGEN 21/150 hedef kayboldu (feed canli, hedef bu karede yok)
QGC port check failed, reporting UNKNOWN: (pid=54226)
2026-09-01 12:02:20,684 [WARNING] core.navigation.centering_controller: [CENTERING] MAVI_ALTIGEN 26/150 hedef kayboldu (feed canli, hedef bu karede yok)
2026-09-01 12:02:21,240 [WARNING] core.navigation.centering_controller: [CENTERING] MAVI_ALTIGEN 31/150 hedef kayboldu (feed canli, hedef bu karede yok)
2026-09-01 12:02:21,790 [WARNING] core.navigation.centering_controller: [CENTERING] MAVI_ALTIGEN 36/150 hedef kayboldu (feed canli, hedef bu karede yok)
2026-09-01 12:02:22,341 [WARNING] core.navigation.centering_controller: [CENTERING] MAVI_ALTIGEN 41/150 hedef kayboldu (feed canli, hedef bu karede yok)
QGC port check failed, reporting UNKNOWN: (pid=54034)
2026-09-01 12:02:22,892 [INFO] core.detection.vision_runtime: [VISION] detect() calisiyor -- bu karede 0 tespit: []
2026-09-01 12:02:22,893 [WARNING] core.navigation.centering_controller: [CENTERING] MAVI_ALTIGEN 46/150 hedef kayboldu (feed canli, hedef bu karede yok)
2026-09-01 12:02:23,442 [WARNING] core.navigation.centering_controller: [CENTERING] MAVI_ALTIGEN 51/150 hedef kayboldu (feed canli, hedef bu karede yok)
2026-09-01 12:02:23,801 [INFO] gz_system.main_gz: Dashboard paint loop: 0.0 FPS (main thread)
2026-09-01 12:02:23,995 [WARNING] core.navigation.centering_controller: [CENTERING] MAVI_ALTIGEN 56/150 hedef kayboldu (feed canli, hedef bu karede yok)
2026-09-01 12:02:24,546 [WARNING] core.navigation.centering_controller: [CENTERING] MAVI_ALTIGEN 61/150 hedef kayboldu (feed canli, hedef bu karede yok)
QGC port check failed, reporting UNKNOWN: (pid=54034)
2026-09-01 12:02:25,099 [WARNING] core.navigation.centering_controller: [CENTERING] MAVI_ALTIGEN 66/150 hedef kayboldu (feed canli, hedef bu karede yok)
2026-09-01 12:02:25,647 [WARNING] core.navigation.centering_controller: [CENTERING] MAVI_ALTIGEN 71/150 hedef kayboldu (feed canli, hedef bu karede yok)
2026-09-01 12:02:25,976 [INFO] core.detection.vision_runtime: [VISION] detect() calisiyor -- bu karede 0 tespit: []
2026-09-01 12:02:26,199 [WARNING] core.navigation.centering_controller: [CENTERING] MAVI_ALTIGEN 76/150 hedef kayboldu (feed canli, hedef bu karede yok)
QGC port check failed, reporting UNKNOWN: (pid=54034)
2026-09-01 12:02:26,747 [WARNING] core.navigation.centering_controller: [CENTERING] MAVI_ALTIGEN 81/150 hedef kayboldu (feed canli, hedef bu karede yok)
2026-09-01 12:02:27,299 [WARNING] core.navigation.centering_controller: [CENTERING] MAVI_ALTIGEN 86/150 hedef kayboldu (feed canli, hedef bu karede yok)
2026-09-01 12:02:27,846 [WARNING] core.navigation.centering_controller: [CENTERING] MAVI_ALTIGEN 91/150 hedef kayboldu (feed canli, hedef bu karede yok)
2026-09-01 12:02:28,396 [WARNING] core.navigation.centering_controller: [CENTERING] MAVI_ALTIGEN 96/150 hedef kayboldu (feed canli, hedef bu karede yok)
QGC port check failed, reporting UNKNOWN: (pid=54034)
2026-09-01 12:02:28,807 [INFO] gz_system.main_gz: Dashboard paint loop: 0.0 FPS (main thread)
2026-09-01 12:02:28,943 [WARNING] core.navigation.centering_controller: [CENTERING] MAVI_ALTIGEN 101/150 hedef kayboldu (feed canli, hedef bu karede yok)
2026-09-01 12:02:29,053 [INFO] core.detection.vision_runtime: [VISION] detect() calisiyor -- bu karede 0 tespit: []
2026-09-01 12:02:29,498 [WARNING] core.navigation.centering_controller: [CENTERING] MAVI_ALTIGEN 106/150 hedef kayboldu (feed canli, hedef bu karede yok)
2026-09-01 12:02:30,046 [WARNING] core.navigation.centering_controller: [CENTERING] MAVI_ALTIGEN 111/150 hedef kayboldu (feed canli, hedef bu karede yok)
2026-09-01 12:02:30,596 [WARNING] core.navigation.centering_controller: [CENTERING] MAVI_ALTIGEN 116/150 hedef kayboldu (feed canli, hedef bu karede yok)
QGC port check failed, reporting UNKNOWN: (pid=54034)
2026-09-01 12:02:31,147 [WARNING] core.navigation.centering_controller: [CENTERING] MAVI_ALTIGEN 121/150 hedef kayboldu (feed canli, hedef bu karede yok)
2026-09-01 12:02:31,694 [WARNING] core.navigation.centering_controller: [CENTERING] MAVI_ALTIGEN 126/150 hedef kayboldu (feed canli, hedef bu karede yok)
2026-09-01 12:02:32,135 [INFO] core.detection.vision_runtime: [VISION] detect() calisiyor -- bu karede 0 tespit: []
2026-09-01 12:02:32,244 [WARNING] core.navigation.centering_controller: [CENTERING] MAVI_ALTIGEN 131/150 hedef kayboldu (feed canli, hedef bu karede yok)
QGC port check failed, reporting UNKNOWN: (pid=54034)
2026-09-01 12:02:32,797 [WARNING] core.navigation.centering_controller: [CENTERING] MAVI_ALTIGEN 136/150 hedef kayboldu (feed canli, hedef bu karede yok)
2026-09-01 12:02:33,349 [WARNING] core.navigation.centering_controller: [CENTERING] MAVI_ALTIGEN 141/150 hedef kayboldu (feed canli, hedef bu karede yok)
2026-09-01 12:02:33,829 [INFO] gz_system.main_gz: Dashboard paint loop: 0.0 FPS (main thread)
2026-09-01 12:02:33,900 [WARNING] core.navigation.centering_controller: [CENTERING] MAVI_ALTIGEN 146/150 hedef kayboldu (feed canli, hedef bu karede yok)
2026-09-01 12:02:34,450 [ERROR] core.navigation.centering_controller: Merkezleme zaman asimina ugradi! (150 deneme / 15.0s butcesi doldu)
2026-09-01 12:02:34,451 [WARNING] core.mission.gorev2_orchestrator: [RETRY_IN_PLACE] MAVI_ALTIGEN 2/3 merkezlenemedi -- 5s yerinde beklenip tekrar denenecek (hedef su an karede yok).
QGC port check failed, reporting UNKNOWN: (pid=54034)
2026-09-01 12:02:35,219 [INFO] core.detection.vision_runtime: [VISION] detect() calisiyor -- bu karede 0 tespit: []
QGC port check failed, reporting UNKNOWN: (pid=54034)
2026-09-01 12:02:38,315 [INFO] core.detection.vision_runtime: [VISION] detect() calisiyor -- bu karede 0 tespit: []
QGC port check failed, reporting UNKNOWN: (pid=54034)
2026-09-01 12:02:38,860 [INFO] gz_system.main_gz: Dashboard paint loop: 0.0 FPS (main thread)
2026-09-01 12:02:39,529 [INFO] core.navigation.centering_controller: MAVI_ALTIGEN hedefine merkezleniyor (irtifa hedefi: 15.0m, irtifa bandi +/-0.30m)...
2026-09-01 12:02:39,529 [WARNING] core.navigation.centering_controller: [CENTERING] MAVI_ALTIGEN 1/150 hedef kayboldu (feed canli, hedef bu karede yok)
2026-09-01 12:02:40,076 [WARNING] core.navigation.centering_controller: [CENTERING] MAVI_ALTIGEN 6/150 hedef kayboldu (feed canli, hedef bu karede yok)
2026-09-01 12:02:40,630 [WARNING] core.navigation.centering_controller: [CENTERING] MAVI_ALTIGEN 11/150 hedef kayboldu (feed canli, hedef bu karede yok)
QGC port check failed, reporting UNKNOWN: (pid=54034)
2026-09-01 12:02:41,179 [WARNING] core.navigation.centering_controller: [CENTERING] MAVI_ALTIGEN 16/150 hedef kayboldu (feed canli, hedef bu karede yok)
2026-09-01 12:02:41,399 [INFO] core.detection.vision_runtime: [VISION] detect() calisiyor -- bu karede 0 tespit: []
2026-09-01 12:02:41,732 [WARNING] core.navigation.centering_controller: [CENTERING] MAVI_ALTIGEN 21/150 hedef kayboldu (feed canli, hedef bu karede yok)
2026-09-01 12:02:42,286 [WARNING] core.navigation.centering_controller: [CENTERING] MAVI_ALTIGEN 26/150 hedef kayboldu (feed canli, hedef bu karede yok)
QGC port check failed, reporting UNKNOWN: (pid=54034)
2026-09-01 12:02:42,837 [WARNING] core.navigation.centering_controller: [CENTERING] MAVI_ALTIGEN 31/150 hedef kayboldu (feed canli, hedef bu karede yok)
2026-09-01 12:02:43,387 [WARNING] core.navigation.centering_controller: [CENTERING] MAVI_ALTIGEN 36/150 hedef kayboldu (feed canli, hedef bu karede yok)
2026-09-01 12:02:43,866 [INFO] gz_system.main_gz: Dashboard paint loop: 0.0 FPS (main thread)
2026-09-01 12:02:43,935 [WARNING] core.navigation.centering_controller: [CENTERING] MAVI_ALTIGEN 41/150 hedef kayboldu (feed canli, hedef bu karede yok)
2026-09-01 12:02:44,484 [INFO] core.detection.vision_runtime: [VISION] detect() calisiyor -- bu karede 0 tespit: []
2026-09-01 12:02:44,484 [WARNING] core.navigation.centering_controller: [CENTERING] MAVI_ALTIGEN 46/150 hedef kayboldu (feed canli, hedef bu karede yok)
QGC port check failed, reporting UNKNOWN: (pid=54034)
2026-09-01 12:02:45,034 [WARNING] core.navigation.centering_controller: [CENTERING] MAVI_ALTIGEN 51/150 hedef kayboldu (feed canli, hedef bu karede yok)
2026-09-01 12:02:45,583 [WARNING] core.navigation.centering_controller: [CENTERING] MAVI_ALTIGEN 56/150 hedef kayboldu (feed canli, hedef bu karede yok)
2026-09-01 12:02:46,134 [WARNING] core.navigation.centering_controller: [CENTERING] MAVI_ALTIGEN 61/150 hedef kayboldu (feed canli, hedef bu karede yok)
QGC port check failed, reporting UNKNOWN: (pid=54034)
2026-09-01 12:02:46,682 [WARNING] core.navigation.centering_controller: [CENTERING] MAVI_ALTIGEN 66/150 hedef kayboldu (feed canli, hedef bu karede yok)
2026-09-01 12:02:47,235 [WARNING] core.navigation.centering_controller: [CENTERING] MAVI_ALTIGEN 71/150 hedef kayboldu (feed canli, hedef bu karede yok)
2026-09-01 12:02:47,566 [INFO] core.detection.vision_runtime: [VISION] detect() calisiyor -- bu karede 0 tespit: []
2026-09-01 12:02:47,786 [WARNING] core.navigation.centering_controller: [CENTERING] MAVI_ALTIGEN 76/150 hedef kayboldu (feed canli, hedef bu karede yok)
2026-09-01 12:02:48,338 [WARNING] core.navigation.centering_controller: [CENTERING] MAVI_ALTIGEN 81/150 hedef kayboldu (feed canli, hedef bu karede yok)
QGC port check failed, reporting UNKNOWN: (pid=54034)
2026-09-01 12:02:48,881 [INFO] gz_system.main_gz: Dashboard paint loop: 0.0 FPS (main thread)
2026-09-01 12:02:48,886 [WARNING] core.navigation.centering_controller: [CENTERING] MAVI_ALTIGEN 86/150 hedef kayboldu (feed canli, hedef bu karede yok)
2026-09-01 12:02:49,435 [WARNING] core.navigation.centering_controller: [CENTERING] MAVI_ALTIGEN 91/150 hedef kayboldu (feed canli, hedef bu karede yok)
2026-09-01 12:02:49,984 [WARNING] core.navigation.centering_controller: [CENTERING] MAVI_ALTIGEN 96/150 hedef kayboldu (feed canli, hedef bu karede yok)
2026-09-01 12:02:50,533 [WARNING] core.navigation.centering_controller: [CENTERING] MAVI_ALTIGEN 101/150 hedef kayboldu (feed canli, hedef bu karede yok)
2026-09-01 12:02:50,645 [INFO] core.detection.vision_runtime: [VISION] detect() calisiyor -- bu karede 0 tespit: []
QGC port check failed, reporting UNKNOWN: (pid=54034)
2026-09-01 12:02:51,084 [WARNING] core.navigation.centering_controller: [CENTERING] MAVI_ALTIGEN 106/150 hedef kayboldu (feed canli, hedef bu karede yok)
2026-09-01 12:02:51,636 [WARNING] core.navigation.centering_controller: [CENTERING] MAVI_ALTIGEN 111/150 hedef kayboldu (feed canli, hedef bu karede yok)
2026-09-01 12:02:52,184 [WARNING] core.navigation.centering_controller: [CENTERING] MAVI_ALTIGEN 116/150 hedef kayboldu (feed canli, hedef bu karede yok)
QGC port check failed, reporting UNKNOWN: (pid=54034)
2026-09-01 12:02:52,734 [WARNING] core.navigation.centering_controller: [CENTERING] MAVI_ALTIGEN 121/150 hedef kayboldu (feed canli, hedef bu karede yok)
2026-09-01 12:02:53,285 [WARNING] core.navigation.centering_controller: [CENTERING] MAVI_ALTIGEN 126/150 hedef kayboldu (feed canli, hedef bu karede yok)
2026-09-01 12:02:53,727 [INFO] core.detection.vision_runtime: [VISION] detect() calisiyor -- bu karede 0 tespit: []
2026-09-01 12:02:53,836 [WARNING] core.navigation.centering_controller: [CENTERING] MAVI_ALTIGEN 131/150 hedef kayboldu (feed canli, hedef bu karede yok)
2026-09-01 12:02:53,886 [INFO] gz_system.main_gz: Dashboard paint loop: 0.0 FPS (main thread)
2026-09-01 12:02:54,390 [WARNING] core.navigation.centering_controller: [CENTERING] MAVI_ALTIGEN 136/150 hedef kayboldu (feed canli, hedef bu karede yok)
QGC port check failed, reporting UNKNOWN: (pid=54034)
2026-09-01 12:02:54,939 [WARNING] core.navigation.centering_controller: [CENTERING] MAVI_ALTIGEN 141/150 hedef kayboldu (feed canli, hedef bu karede yok)
2026-09-01 12:02:55,487 [WARNING] core.navigation.centering_controller: [CENTERING] MAVI_ALTIGEN 146/150 hedef kayboldu (feed canli, hedef bu karede yok)
2026-09-01 12:02:56,036 [ERROR] core.navigation.centering_controller: Merkezleme zaman asimina ugradi! (150 deneme / 15.0s butcesi doldu)
2026-09-01 12:02:56,037 [WARNING] core.mission.gorev2_orchestrator: TARGET SEEN BUT NOT CENTERED: MAVI_ALTIGEN 3 denemede merkezlenemedi -- bu hedef icin pursuit birakildi, arama devam ediyor.
2026-09-01 12:02:56,037 [INFO] core.mission.gorev2_orchestrator: [ROUTE_REJOIN] rota hattina donuluyor (sabit eksen=lon): hedef lat=47.3989649 lon=8.5461632 (mevcut lat=47.3989649 lon=8.5461609).
2026-09-01 12:02:56,037 [INFO] core.navigation.centering_controller: Kayitli GPS konumuna gidiliyor: lat=47.398964899999996, lon=8.546163199999999, alt=15.0m
QGC port check failed, reporting UNKNOWN: (pid=54034)
2026-09-01 12:02:56,696 [INFO] mavsdk_common.mavsdk_backend_base: Offboard durduruluyor...
Received ack for not-existing command: 176! Ignoring... (mavlink_command_sender.cpp:304)
2026-09-01 12:02:56,804 [INFO] core.detection.vision_runtime: [VISION] detect() calisiyor -- bu karede 0 tespit: []
2026-09-01 12:02:57,116 [INFO] core.mission.gorev2_orchestrator: [MISSION_RESUME] rota 2. ogeden devam ettiriliyor.
Received ack for not-existing command: 176! Ignoring... (mavlink_command_sender.cpp:304)
QGC port check failed, reporting UNKNOWN: (pid=54034)
2026-09-01 12:02:58,898 [INFO] gz_system.main_gz: Dashboard paint loop: 0.0 FPS (main thread)
2026-09-01 12:02:59,822 [INFO] core.detection.vision_runtime: [VISION] detect() calisiyor -- bu karede 0 tespit: []
QGC port check failed, reporting UNKNOWN: (pid=54034)
2026-09-01 12:03:01,152 [WARNING] core.mission.gorev2_orchestrator: Gorev 2 Search Phase tamamlanamadi (mission bitti, iki hedef de bulunamadi).
2026-09-01 12:03:01,153 [WARNING] core.mission.master_fsm: Gorev 2 tamamlanamadi (interlock kosullari saglanmadi) -- Gorev 3 atlanacak.
2026-09-01 12:03:01,153 [INFO] core.mission.master_fsm: RETURNING_TO_START_FINISH (dist=143.5 m) -- hedef (47.3977459, 8.5461637) @ 15.0m, sebep: gorev2_failed
2026-09-01 12:03:01,153 [INFO] core.navigation.centering_controller: Mission modu durduruluyor, Offboard'a geciliyor...
2026-09-01 12:03:01,153 [INFO] mavsdk_common.mavsdk_backend_base: Mission'dan Offboard'a geçiş yapılıyor...
Received ack for not-existing command: 176! Ignoring... (mavlink_command_sender.cpp:304)
2026-09-01 12:03:01,163 [INFO] mavsdk_common.mavsdk_backend_base: Offboard başlatılıyor...
Received ack for not-existing command: 176! Ignoring... (mavlink_command_sender.cpp:304)
2026-09-01 12:03:01,382 [INFO] core.navigation.centering_controller: Kayitli GPS konumuna gidiliyor: lat=47.3977459, lon=8.5461637, alt=15.0m
QGC port check failed, reporting UNKNOWN: (pid=54034)
2026-09-01 12:03:02,924 [INFO] core.detection.vision_runtime: [VISION] detect() calisiyor -- bu karede 0 tespit: []
2026-09-01 12:03:03,902 [INFO] gz_system.main_gz: Dashboard paint loop: 0.0 FPS (main thread)
QGC port check failed, reporting UNKNOWN: (pid=54034)
2026-09-01 12:03:05,931 [INFO] core.detection.vision_runtime: [VISION] detect() calisiyor -- bu karede 2 tespit: ['MAVI_ALTIGEN', 'MAVI_DIKDORTGEN']
QGC port check failed, reporting UNKNOWN: (pid=54034)
QGC port check failed, reporting UNKNOWN: (pid=54034)
2026-09-01 12:03:08,916 [INFO] gz_system.main_gz: Dashboard paint loop: 0.0 FPS (main thread)
2026-09-01 12:03:09,037 [INFO] core.detection.vision_runtime: [VISION] detect() calisiyor -- bu karede 0 tespit: []
QGC port check failed, reporting UNKNOWN: (pid=54034)
2026-09-01 12:03:12,064 [INFO] core.detection.vision_runtime: [VISION] detect() calisiyor -- bu karede 0 tespit: []
QGC port check failed, reporting UNKNOWN: (pid=54034)
2026-09-01 12:03:13,945 [INFO] gz_system.main_gz: Dashboard paint loop: 0.0 FPS (main thread)
QGC port check failed, reporting UNKNOWN: (pid=54034)
2026-09-01 12:03:15,156 [INFO] core.detection.vision_runtime: [VISION] detect() calisiyor -- bu karede 0 tespit: []
QGC port check failed, reporting UNKNOWN: (pid=54034)
2026-09-01 12:03:17,698 [INFO] core.mission.master_fsm: Baslangic/bitis noktasina ulasildi -- checkpoint'e uzaklik 0.8 m. Inis baslatiliyor.
2026-09-01 12:03:17,698 [INFO] core.mission.master_fsm: Son iniş gerçekleştiriliyor...
2026-09-01 12:03:17,698 [INFO] mavsdk_common.mavsdk_backend_base: İniş yapılıyor...
2026-09-01 12:03:17,715 [INFO] core.detection.detection_publisher: [DETECTION_PUB] yayin kapatiliyor (gonderilen=1498, atlanan=0).
2026-09-01 12:03:17,715 [INFO] core.detection.vision_runtime: [VISION] pipeline durduruldu.
[CAMERA_CLIENT] Stopping client...
[CAMERA_CLIENT] Shutdown complete.
I0901 12:03:17.745036 13661583 fork_posix.cc:71] Other threads are currently calling into gRPC, skipping fork() handlers
[CAMERA_SERVICE_MANAGER] Stopping (PID: 54058)...
I0901 12:03:17.751237 13661583 fork_posix.cc:71] Other threads are currently calling into gRPC, skipping fork() handlers
I0901 12:03:17.756181 13661583 fork_posix.cc:71] Other threads are currently calling into gRPC, skipping fork() handlers
[CAMERA_SERVICE_MANAGER] Stopped.
