
===========================================================
[00:00] FAZ 0/5 -- ON KONTROL
===========================================================
[00:00] python: $VENV_ROOT/bin/python
[00:00]   [OK]   PX4 SITL binary  -- $REPO_ROOT/build/px4_sitl_default/bin/px4
[00:00]   [OK]   gz (Gazebo)  -- /opt/homebrew/bin/gz 8.15.0
[00:00]   [OK]   python: mavsdk
[00:00]   [OK]   python: cv2/zmq/numpy (dashboard)
[00:00]   [OK]   safe_sitl_launcher.sh
[00:00]   [OK]   QGC missions dizini  -- $MISSIONS_DIR
[00:00]   [OK]   plan: competition_1way.plan  -- 3 waypoint
[00:00] on kontrol temiz: 1 plan sirayla kosulacak

===========================================================
[00:00] FAZ 1/5 -- PX4 SITL + GAZEBO
===========================================================
[00:00] safe_sitl_launcher.sh baslatiliyor (log: $REPO_ROOT/.scripts/olds/v34/demo/runs/20260901T074813/sitl.log)
[00:00]   pid=15835

===========================================================
[00:00] FAZ 2/5 -- ARAC HAZIR MI
===========================================================
Connection using udp:// is deprecated, please use udpin:// or udpout:// (cli_arg.cpp:28)
Received ack for not-existing command: 176! Ignoring... (mavlink_command_sender.cpp:304)
[WAIT] bekleniyor: 1/3 MAVLink heartbeat (kalan 215s)
[WAIT]   -> OK (25.3s)
[WAIT] bekleniyor: 2/3 global+home pozisyon (EKF) (kalan 215s)
[WAIT]   -> OK (26.3s)
[WAIT] bekleniyor: 3/3 is_armable (kalan 214s)
[WAIT]   -> OK (27.3s)
[WAIT] arac ucusa hazir (27.3s)

===========================================================
[00:29] FAZ 3/5 -- MISSION DASHBOARD
===========================================================
[00:29] dashboard KAPALI (--no-dashboard)

===========================================================
[00:29] FAZ 4/5 -- PLANLAR (SIRAYLA)
===========================================================

===========================================================
[00:29] PLAN 1/1 -- competition_1way
===========================================================
[00:29] rota yukleniyor ve dogrulaniyor
[UPLOAD] plan: competition_1way.plan  (3 item, dosyadan okundu)
Connection using udp:// is deprecated, please use udpin:// or udpout:// (cli_arg.cpp:28)
[UPLOAD] baglaniliyor: udp://:14540 (timeout 30s)
[UPLOAD] arac bagli
[UPLOAD] ayristirildi: 3 raw MAVLink item
[UPLOAD] aractaki eski rota silindi
[UPLOAD] yukleme ack alindi
[UPLOAD] geri okundu: 3 item, 0 uyusmazlik
[UPLOAD]   seq=0   cmd=22   lat=47.3977465 lon=8.5461637 alt=15.0
[UPLOAD]   seq=1   cmd=16   lat=47.3977914 lon=8.5461637 alt=15.0
[UPLOAD]   seq=2   cmd=16   lat=47.3990490 lon=8.5461637 alt=15.0
[UPLOAD] DOGRULANDI: aractaki rota .plan ile birebir ayni
[00:30] LAND modu temizligi
Connection using udp:// is deprecated, please use udpin:// or udpout:// (cli_arg.cpp:28)
[LAND-RESET] armable=True mode=HOLD armed=False on_ground=True
[00:34] gorev basliyor (main_gz.py, duvar limiti 900s)
[00:34]   canli log: tail -f $REPO_ROOT/.scripts/olds/v34/demo/runs/20260901T074813/01_competition_1way/mission.log
[06:48] gorev sureci 0 ile bitti
[06:48] olay akisi ozeti (c3b807f4af23)
  mission_id : c3b807f4af23
  sure       : 371.7s  (6025 olay)
  kaynak     : $REPO_ROOT/.scripts/olds/v34/demo/runs/20260901T074813/01_competition_1way/mission_c3b807f4af23.jsonl

  FAZLAR (27)
    t+    1.0s  CONNECTING
    t+    2.6s  ARMING
    t+    2.7s  TAKEOFF
    t+    2.7s  CLIMB_TO_ALTITUDE
    t+   19.2s  CHECKPOINT_SAVE
    t+   19.2s  MISSION_ROUTE_CONFIRM
    t+   19.3s  MISSION_START
    t+   23.8s  SEARCHING
    t+   36.6s  TARGET_TRACKING
    t+   36.6s  SWITCH_TO_OFFBOARD
    t+   37.6s  GOTO_TARGET_CENTERING
    t+   77.4s  HOVER_CONFIRM
    t+   79.4s  GPS_SAVE
    t+  126.6s  SEARCHING
    t+  137.2s  TARGET_TRACKING
    t+  137.2s  SWITCH_TO_OFFBOARD
    t+  137.9s  GOTO_TARGET_CENTERING
    t+  174.0s  HOVER_CONFIRM
    t+  176.1s  GPS_SAVE
    t+  232.5s  SEARCH_COMPLETE
    t+  232.6s  GOREV2_COMPLETE
    t+  232.6s  GOREV3_START
    t+  232.6s  GOREV3_RUNNING
    t+  361.3s  MISSION_FAILED
    t+  361.3s  RETURN_TO_CHECKPOINT
    t+  371.6s  LANDING
    t+  371.6s  MISSION_FAILED

  KILOMETRE TASLARI (23)
    t+    1.0s  MISSION_STARTED  -- mission_id=c3b807f4af23
    t+    1.0s  MISSION_STARTED  -- Gorev 2 starting
    t+    1.9s  CONNECTED  -- connected to udp://:14540
    t+    2.7s  ARMED  -- vehicle armed
    t+   19.2s  CHECKPOINT_SAVED
    t+   19.2s  MISSION_ROUTE_CONFIRMED  -- 3 items already on vehicle (from QGroundControl)
    t+   22.8s  MISSION_CURRENT_ITEM_SET  -- start index 1
    t+   22.8s  MISSION_STARTED_ONBOARD
    t+   74.3s  CENTERING_CONVERGED  -- MAVI_ALTIGEN
    t+   93.7s  CENTERING_CONVERGED  -- MAVI_ALTIGEN
    t+  104.7s  CENTERING_CONVERGED  -- MAVI_ALTIGEN
    t+  114.9s  PAYLOAD_RELEASE_CONFIRMED  -- MAVI_ALTIGEN
    t+  114.9s  PAYLOAD_RELEASED  -- PAYLOAD 1 RELEASED @0.47m
    t+  130.5s  MISSION_CURRENT_ITEM_SET  -- start index 2
    t+  130.5s  MISSION_STARTED_ONBOARD
    t+  170.9s  CENTERING_CONVERGED  -- KIRMIZI_UCGEN
    t+  194.0s  CENTERING_CONVERGED  -- KIRMIZI_UCGEN
    t+  225.8s  CENTERING_CONVERGED  -- KIRMIZI_UCGEN
    t+  228.4s  PAYLOAD_RELEASE_CONFIRMED  -- KIRMIZI_UCGEN
    t+  228.4s  PAYLOAD_RELEASED  -- PAYLOAD 2 RELEASED @0.48m
    t+  232.5s  SEARCH_COMPLETE
    t+  232.6s  GOREV2_COMPLETE
    t+  251.6s  CENTERING_CONVERGED  -- KIRMIZI_DIKDORTGEN

  SORUNLAR (3 WARNING+)
    t+  361.3s  [CRITICAL] MISSION_PHASE_CHANGED: GOREV3_RUNNING -> MISSION_FAILED (gorev3_pickup_failed)
    t+  361.3s  [CRITICAL] GOREV3_PHASE_FAILED: pickup
    t+  371.6s  [CRITICAL] MISSION_PHASE_CHANGED: LANDING -> MISSION_FAILED (landed_after_prior_failure)

  SONUC: MISSION_FAILED

===========================================================
[06:53] FAZ 5/5 -- OZET
===========================================================
KURSAD40 V34 -- demo 20260901T074813
plan sirasi: competition_1way
gorev duvar limiti: 900s   dry-run: 0

#    PLAN             YUKLEME    GOREV        SONUC
-------------------------------------------------------------------------
1    competition_1way OK         rc=0         MISSION_FAILED
[06:53] 
[06:53] her plan icin: $REPO_ROOT/.scripts/olds/v34/demo/runs/20260901T074813/<NN>_<plan>/{upload.log,mission.log,summary.txt,mission_*.jsonl}

===========================================================
[06:53] TEARDOWN
===========================================================
[06:53] SITL kapatiliyor
[06:53] artefaktlar: $REPO_ROOT/.scripts/olds/v34/demo/runs/20260901T074813
