
===========================================================
[00:00] FAZ 0/5 -- ON KONTROL
===========================================================
[00:00] python: $VENV_ROOT/bin/python
[00:00]   [OK]   PX4 SITL binary  -- $REPO_ROOT/build/px4_sitl_default/bin/px4
[00:00]   [OK]   gz (Gazebo)  -- /opt/homebrew/bin/gz 8.15.0
[00:00]   [OK]   python: mavsdk
[00:00]   [OK]   python: cv2/zmq/numpy (dashboard)
[00:00]   [OK]   safe_sitl_launcher.sh
[00:00]   [OK]   QGC missions dizini  -- $MISSIONS_DIR
[00:01]   [OK]   plan: competition_1way.plan  -- 3 waypoint
[00:01] on kontrol temiz: 1 plan sirayla kosulacak

===========================================================
[00:01] FAZ 1/5 -- PX4 SITL + GAZEBO
===========================================================
[00:01] safe_sitl_launcher.sh baslatiliyor (log: $REPO_ROOT/.scripts/olds/v34/demo/runs/20260901T155338/sitl.log)
[00:01]   pid=79444

===========================================================
[00:01] FAZ 2/5 -- ARAC HAZIR MI
===========================================================
Connection using udp:// is deprecated, please use udpin:// or udpout:// (cli_arg.cpp:28)
[WAIT] bekleniyor: 1/3 MAVLink heartbeat (kalan 216s)
[WAIT]   -> OK (24.3s)
[WAIT] bekleniyor: 2/3 global+home pozisyon (EKF) (kalan 216s)
[WAIT]   -> OK (25.0s)
[WAIT] bekleniyor: 3/3 is_armable (kalan 215s)
[WAIT]   -> OK (26.0s)
[WAIT] arac ucusa hazir (26.0s)

===========================================================
[00:29] FAZ 3/5 -- MISSION DASHBOARD
===========================================================
[00:29] dashboard KAPALI (--no-dashboard)

===========================================================
[00:29] FAZ 4/5 -- PLANLAR (SIRAYLA)
===========================================================

===========================================================
[00:29] PLAN 1/1 -- competition_1way
===========================================================
[00:29] rota yukleniyor ve dogrulaniyor
[UPLOAD] plan: competition_1way.plan  (3 item, dosyadan okundu)
Connection using udp:// is deprecated, please use udpin:// or udpout:// (cli_arg.cpp:28)
[UPLOAD] baglaniliyor: udp://:14540 (timeout 30s)
[UPLOAD] arac bagli
[UPLOAD] ayristirildi: 3 raw MAVLink item
[UPLOAD] aractaki eski rota silindi
[UPLOAD] yukleme ack alindi
[UPLOAD] geri okundu: 3 item, 0 uyusmazlik
[UPLOAD]   seq=0   cmd=22   lat=47.3977465 lon=8.5461637 alt=15.0
[UPLOAD]   seq=1   cmd=16   lat=47.3977914 lon=8.5461637 alt=15.0
[UPLOAD]   seq=2   cmd=16   lat=47.3990490 lon=8.5461637 alt=15.0
[UPLOAD] DOGRULANDI: aractaki rota .plan ile birebir ayni
[00:30] LAND modu temizligi
Connection using udp:// is deprecated, please use udpin:// or udpout:// (cli_arg.cpp:28)
[LAND-RESET] armable=True mode=HOLD armed=False on_ground=True
[00:34] gorev basliyor (main_gz.py, duvar limiti 900s)
[00:34]   canli log: tail -f $REPO_ROOT/.scripts/olds/v34/demo/runs/20260901T155338/01_competition_1way/mission.log
[07:58] gorev sureci 0 ile bitti
[07:58] olay akisi ozeti (ee2f555bfc41)
  mission_id : ee2f555bfc41
  sure       : 442.2s  (7043 olay)
  kaynak     : $REPO_ROOT/.scripts/olds/v34/demo/runs/20260901T155338/01_competition_1way/mission_ee2f555bfc41.jsonl

  FAZLAR (27)
    t+    1.0s  CONNECTING
    t+    2.7s  ARMING
    t+    2.7s  TAKEOFF
    t+    2.7s  CLIMB_TO_ALTITUDE
    t+   19.3s  CHECKPOINT_SAVE
    t+   19.3s  MISSION_ROUTE_CONFIRM
    t+   19.4s  MISSION_START
    t+   24.0s  SEARCHING
    t+   40.4s  TARGET_TRACKING
    t+   40.4s  SWITCH_TO_OFFBOARD
    t+   41.0s  GOTO_TARGET_CENTERING
    t+   62.8s  HOVER_CONFIRM
    t+   64.8s  GPS_SAVE
    t+   64.8s  SEARCHING
    t+   74.2s  TARGET_TRACKING
    t+   74.2s  SWITCH_TO_OFFBOARD
    t+   75.1s  GOTO_TARGET_CENTERING
    t+  111.0s  HOVER_CONFIRM
    t+  113.1s  GPS_SAVE
    t+  173.7s  SEARCH_COMPLETE
    t+  301.4s  GOREV2_COMPLETE
    t+  301.4s  GOREV3_START
    t+  301.4s  GOREV3_RUNNING
    t+  428.4s  MISSION_FAILED
    t+  428.4s  RETURN_TO_CHECKPOINT
    t+  442.1s  LANDING
    t+  442.1s  MISSION_FAILED

  KILOMETRE TASLARI (26)
    t+    1.0s  MISSION_STARTED  -- mission_id=ee2f555bfc41
    t+    1.0s  MISSION_STARTED  -- Gorev 2 starting
    t+    1.9s  CONNECTED  -- connected to udp://:14540
    t+    2.7s  ARMED  -- vehicle armed
    t+   19.3s  CHECKPOINT_SAVED
    t+   19.3s  MISSION_ROUTE_CONFIRMED  -- 3 items already on vehicle (from QGroundControl)
    t+   23.0s  MISSION_CURRENT_ITEM_SET  -- start index 1
    t+   23.0s  MISSION_STARTED_ONBOARD
    t+   59.7s  CENTERING_CONVERGED  -- KIRMIZI_UCGEN
    t+   69.5s  MISSION_CURRENT_ITEM_SET  -- start index 2
    t+   69.6s  MISSION_STARTED_ONBOARD
    t+  108.0s  CENTERING_CONVERGED  -- MAVI_ALTIGEN
    t+  128.8s  CENTERING_CONVERGED  -- MAVI_ALTIGEN
    t+  162.0s  PAYLOAD_RELEASE_CONFIRMED  -- MAVI_ALTIGEN
    t+  162.0s  PAYLOAD_RELEASED  -- PAYLOAD 1 RELEASED @0.49m
    t+  173.7s  SEARCH_COMPLETE
    t+  180.1s  CENTERING_CONVERGED  -- MAVI_ALTIGEN
    t+  213.4s  PAYLOAD_RELEASE_CONFIRMED  -- MAVI_ALTIGEN
    t+  213.4s  PAYLOAD_RELEASED  -- PAYLOAD 2 RELEASED @0.48m
    t+  252.5s  CENTERING_CONVERGED  -- KIRMIZI_UCGEN
    t+  265.8s  CENTERING_CONVERGED  -- KIRMIZI_UCGEN
    t+  287.4s  CENTERING_CONVERGED  -- KIRMIZI_UCGEN
    t+  297.3s  PAYLOAD_RELEASE_CONFIRMED  -- KIRMIZI_UCGEN
    t+  297.3s  PAYLOAD_RELEASED  -- PAYLOAD 3 RELEASED @0.45m
    t+  301.4s  GOREV2_COMPLETE
    t+  323.2s  CENTERING_CONVERGED  -- KIRMIZI_DIKDORTGEN

  SORUNLAR (3 WARNING+)
    t+  428.4s  [CRITICAL] MISSION_PHASE_CHANGED: GOREV3_RUNNING -> MISSION_FAILED (gorev3_pickup_failed)
    t+  428.4s  [CRITICAL] GOREV3_PHASE_FAILED: pickup
    t+  442.1s  [CRITICAL] MISSION_PHASE_CHANGED: LANDING -> MISSION_FAILED (landed_after_prior_failure)

  SONUC: MISSION_FAILED

===========================================================
[08:03] FAZ 5/5 -- OZET
===========================================================
KURSAD40 V34 -- demo 20260901T155338
plan sirasi: competition_1way
gorev duvar limiti: 900s   dry-run: 0

#    PLAN             YUKLEME    GOREV        SONUC
-------------------------------------------------------------------------
1    competition_1way OK         rc=0         MISSION_FAILED
[08:03] 
[08:03] her plan icin: $REPO_ROOT/.scripts/olds/v34/demo/runs/20260901T155338/<NN>_<plan>/{upload.log,mission.log,summary.txt,mission_*.jsonl}

===========================================================
[08:03] TEARDOWN
===========================================================
[08:03] SITL kapatiliyor
[08:04] artefaktlar: $REPO_ROOT/.scripts/olds/v34/demo/runs/20260901T155338
